Jun 14 20:15:27 archlinux kernel: microcode: microcode updated early to revision 0xea, date = 2021-01-06
Jun 14 20:15:27 archlinux kernel: Linux version 5.12.10-arch1-1 (linux@archlinux) (gcc (GCC) 11.1.0, GNU ld (GNU Binutils) 2.36.1) #1 SMP PREEMPT Thu, 10 Jun 2021 16:34:50 +0000
Jun 14 20:15:27 archlinux kernel: Command line: initrd=\intel-ucode.img initrd=\initramfs-linux.img rw rd.luks.name=7634291b-1e1e-427f-8fdc-7f17ba7cc52a=cryptroot root=/dev/mapper/cryptroot mem_sleep_default=deep
Jun 14 20:15:27 archlinux kernel: x86/fpu: Supporting XSAVE feature 0x001: 'x87 floating point registers'
Jun 14 20:15:27 archlinux kernel: x86/fpu: Supporting XSAVE feature 0x002: 'SSE registers'
Jun 14 20:15:27 archlinux kernel: x86/fpu: Supporting XSAVE feature 0x004: 'AVX registers'
Jun 14 20:15:27 archlinux kernel: x86/fpu: Supporting XSAVE feature 0x008: 'MPX bounds registers'
Jun 14 20:15:27 archlinux kernel: x86/fpu: Supporting XSAVE feature 0x010: 'MPX CSR'
Jun 14 20:15:27 archlinux kernel: x86/fpu: xstate_offset[2]:  576, xstate_sizes[2]:  256
Jun 14 20:15:27 archlinux kernel: x86/fpu: xstate_offset[3]:  832, xstate_sizes[3]:   64
Jun 14 20:15:27 archlinux kernel: x86/fpu: xstate_offset[4]:  896, xstate_sizes[4]:   64
Jun 14 20:15:27 archlinux kernel: x86/fpu: Enabled xstate features 0x1f, context size is 960 bytes, using 'compacted' format.
Jun 14 20:15:27 archlinux kernel: BIOS-provided physical RAM map:
Jun 14 20:15:27 archlinux kernel: BIOS-e820: [mem 0x0000000000000000-0x0000000000057fff] usable
Jun 14 20:15:27 archlinux kernel: BIOS-e820: [mem 0x0000000000058000-0x0000000000058fff] reserved
Jun 14 20:15:27 archlinux kernel: BIOS-e820: [mem 0x0000000000059000-0x000000000009dfff] usable
Jun 14 20:15:27 archlinux kernel: BIOS-e820: [mem 0x000000000009e000-0x00000000000fffff] reserved
Jun 14 20:15:27 archlinux kernel: BIOS-e820: [mem 0x0000000000100000-0x00000000b9f6efff] usable
Jun 14 20:15:27 archlinux kernel: BIOS-e820: [mem 0x00000000b9f6f000-0x00000000b9f6ffff] ACPI NVS
Jun 14 20:15:27 archlinux kernel: BIOS-e820: [mem 0x00000000b9f70000-0x00000000b9f70fff] reserved
Jun 14 20:15:27 archlinux kernel: BIOS-e820: [mem 0x00000000b9f71000-0x00000000c9ec5fff] usable
Jun 14 20:15:27 archlinux kernel: BIOS-e820: [mem 0x00000000c9ec6000-0x00000000ca273fff] reserved
Jun 14 20:15:27 archlinux kernel: BIOS-e820: [mem 0x00000000ca274000-0x00000000ca2bbfff] ACPI data
Jun 14 20:15:27 archlinux kernel: BIOS-e820: [mem 0x00000000ca2bc000-0x00000000cac1dfff] ACPI NVS
Jun 14 20:15:27 archlinux kernel: BIOS-e820: [mem 0x00000000cac1e000-0x00000000cb5fefff] reserved
Jun 14 20:15:27 archlinux kernel: BIOS-e820: [mem 0x00000000cb5ff000-0x00000000cb5fffff] usable
Jun 14 20:15:27 archlinux kernel: BIOS-e820: [mem 0x00000000cb600000-0x00000000cf7fffff] reserved
Jun 14 20:15:27 archlinux kernel: BIOS-e820: [mem 0x00000000f0000000-0x00000000f7ffffff] reserved
Jun 14 20:15:27 archlinux kernel: BIOS-e820: [mem 0x00000000fe000000-0x00000000fe010fff] reserved
Jun 14 20:15:27 archlinux kernel: BIOS-e820: [mem 0x00000000fec00000-0x00000000fec00fff] reserved
Jun 14 20:15:27 archlinux kernel: BIOS-e820: [mem 0x00000000fee00000-0x00000000fee00fff] reserved
Jun 14 20:15:27 archlinux kernel: BIOS-e820: [mem 0x00000000ff000000-0x00000000ffffffff] reserved
Jun 14 20:15:27 archlinux kernel: BIOS-e820: [mem 0x0000000100000000-0x000000022e7fffff] usable
Jun 14 20:15:27 archlinux kernel: NX (Execute Disable) protection: active
Jun 14 20:15:27 archlinux kernel: e820: update [mem 0xb7c32018-0xb7c4fa57] usable ==> usable
Jun 14 20:15:27 archlinux kernel: e820: update [mem 0xb7c32018-0xb7c4fa57] usable ==> usable
Jun 14 20:15:27 archlinux kernel: e820: update [mem 0xb7c21018-0xb7c31457] usable ==> usable
Jun 14 20:15:27 archlinux kernel: e820: update [mem 0xb7c21018-0xb7c31457] usable ==> usable
Jun 14 20:15:27 archlinux kernel: extended physical RAM map:
Jun 14 20:15:27 archlinux kernel: reserve setup_data: [mem 0x0000000000000000-0x0000000000057fff] usable
Jun 14 20:15:27 archlinux kernel: reserve setup_data: [mem 0x0000000000058000-0x0000000000058fff] reserved
Jun 14 20:15:27 archlinux kernel: reserve setup_data: [mem 0x0000000000059000-0x000000000009dfff] usable
Jun 14 20:15:27 archlinux kernel: reserve setup_data: [mem 0x000000000009e000-0x00000000000fffff] reserved
Jun 14 20:15:27 archlinux kernel: reserve setup_data: [mem 0x0000000000100000-0x00000000b7c21017] usable
Jun 14 20:15:27 archlinux kernel: reserve setup_data: [mem 0x00000000b7c21018-0x00000000b7c31457] usable
Jun 14 20:15:27 archlinux kernel: reserve setup_data: [mem 0x00000000b7c31458-0x00000000b7c32017] usable
Jun 14 20:15:27 archlinux kernel: reserve setup_data: [mem 0x00000000b7c32018-0x00000000b7c4fa57] usable
Jun 14 20:15:27 archlinux kernel: reserve setup_data: [mem 0x00000000b7c4fa58-0x00000000b9f6efff] usable
Jun 14 20:15:27 archlinux kernel: reserve setup_data: [mem 0x00000000b9f6f000-0x00000000b9f6ffff] ACPI NVS
Jun 14 20:15:27 archlinux kernel: reserve setup_data: [mem 0x00000000b9f70000-0x00000000b9f70fff] reserved
Jun 14 20:15:27 archlinux kernel: reserve setup_data: [mem 0x00000000b9f71000-0x00000000c9ec5fff] usable
Jun 14 20:15:27 archlinux kernel: reserve setup_data: [mem 0x00000000c9ec6000-0x00000000ca273fff] reserved
Jun 14 20:15:27 archlinux kernel: reserve setup_data: [mem 0x00000000ca274000-0x00000000ca2bbfff] ACPI data
Jun 14 20:15:27 archlinux kernel: reserve setup_data: [mem 0x00000000ca2bc000-0x00000000cac1dfff] ACPI NVS
Jun 14 20:15:27 archlinux kernel: reserve setup_data: [mem 0x00000000cac1e000-0x00000000cb5fefff] reserved
Jun 14 20:15:27 archlinux kernel: reserve setup_data: [mem 0x00000000cb5ff000-0x00000000cb5fffff] usable
Jun 14 20:15:27 archlinux kernel: reserve setup_data: [mem 0x00000000cb600000-0x00000000cf7fffff] reserved
Jun 14 20:15:27 archlinux kernel: reserve setup_data: [mem 0x00000000f0000000-0x00000000f7ffffff] reserved
Jun 14 20:15:27 archlinux kernel: reserve setup_data: [mem 0x00000000fe000000-0x00000000fe010fff] reserved
Jun 14 20:15:27 archlinux kernel: reserve setup_data: [mem 0x00000000fec00000-0x00000000fec00fff] reserved
Jun 14 20:15:27 archlinux kernel: reserve setup_data: [mem 0x00000000fee00000-0x00000000fee00fff] reserved
Jun 14 20:15:27 archlinux kernel: reserve setup_data: [mem 0x00000000ff000000-0x00000000ffffffff] reserved
Jun 14 20:15:27 archlinux kernel: reserve setup_data: [mem 0x0000000100000000-0x000000022e7fffff] usable
Jun 14 20:15:27 archlinux kernel: efi: EFI v2.60 by American Megatrends
Jun 14 20:15:27 archlinux kernel: efi: ACPI=0xca282000 ACPI 2.0=0xca282000 SMBIOS=0xf0000 SMBIOS 3.0=0xf0020 ESRT=0xcb0b4018 MEMATTR=0xc622e018 RNG=0xcae17f18 
Jun 14 20:15:27 archlinux kernel: efi: seeding entropy pool
Jun 14 20:15:27 archlinux kernel: SMBIOS 3.1.0 present.
Jun 14 20:15:27 archlinux kernel: DMI: Dell Inc. Latitude 7290/0NPPYW, BIOS 1.19.0 02/23/2021
Jun 14 20:15:27 archlinux kernel: tsc: Detected 1800.000 MHz processor
Jun 14 20:15:27 archlinux kernel: e820: update [mem 0x00000000-0x00000fff] usable ==> reserved
Jun 14 20:15:27 archlinux kernel: e820: remove [mem 0x000a0000-0x000fffff] usable
Jun 14 20:15:27 archlinux kernel: last_pfn = 0x22e800 max_arch_pfn = 0x400000000
Jun 14 20:15:27 archlinux kernel: x86/PAT: Configuration [0-7]: WB  WC  UC- UC  WB  WP  UC- WT  
Jun 14 20:15:27 archlinux kernel: last_pfn = 0xcb600 max_arch_pfn = 0x400000000
Jun 14 20:15:27 archlinux kernel: esrt: Reserving ESRT space from 0x00000000cb0b4018 to 0x00000000cb0b4050.
Jun 14 20:15:27 archlinux kernel: check: Scanning 1 areas for low memory corruption
Jun 14 20:15:27 archlinux kernel: Using GB pages for direct mapping
Jun 14 20:15:27 archlinux kernel: Secure boot disabled
Jun 14 20:15:27 archlinux kernel: RAMDISK: [mem 0x7e9b6000-0x7fb72fff]
Jun 14 20:15:27 archlinux kernel: ACPI: Early table checksum verification disabled
Jun 14 20:15:27 archlinux kernel: ACPI: RSDP 0x00000000CA282000 000024 (v02 DELL  )
Jun 14 20:15:27 archlinux kernel: ACPI: XSDT 0x00000000CA2820C0 000104 (v01 DELL   CBX3     01072009 AMI  00010013)
Jun 14 20:15:27 archlinux kernel: ACPI: FACP 0x00000000CA2ACB60 00010C (v05 DELL   CBX3     01072009 AMI  00010013)
Jun 14 20:15:27 archlinux kernel: ACPI: DSDT 0x00000000CA282258 02A908 (v02 DELL   CBX3     01072009 INTL 20160422)
Jun 14 20:15:27 archlinux kernel: ACPI: FACS 0x00000000CAC1B180 000040
Jun 14 20:15:27 archlinux kernel: ACPI: UEFI 0x00000000CA2AD000 00063A (v01 INTEL  RstSataE 00000000 ??   00000000)
Jun 14 20:15:27 archlinux kernel: ACPI: APIC 0x00000000CA2AD640 0000BC (v03 DELL   CBX3     01072009 AMI  00010013)
Jun 14 20:15:27 archlinux kernel: ACPI: FPDT 0x00000000CA2AD700 000044 (v01 DELL   CBX3     01072009 AMI  00010013)
Jun 14 20:15:27 archlinux kernel: ACPI: FIDT 0x00000000CA2AD748 0000AC (v01 DELL   CBX3     01072009 AMI  00010013)
Jun 14 20:15:27 archlinux kernel: ACPI: MCFG 0x00000000CA2AD7F8 00003C (v01 DELL   CBX3     01072009 MSFT 00000097)
Jun 14 20:15:27 archlinux kernel: ACPI: HPET 0x00000000CA2AD838 000038 (v01 DELL   CBX3     01072009 AMI. 0005000B)
Jun 14 20:15:27 archlinux kernel: ACPI: SSDT 0x00000000CA2AD870 000359 (v01 SataRe SataTabl 00001000 INTL 20160422)
Jun 14 20:15:27 archlinux kernel: ACPI: SSDT 0x00000000CA2ADBD0 0012E0 (v02 SaSsdt SaSsdt   00003000 INTL 20160422)
Jun 14 20:15:27 archlinux kernel: ACPI: HPET 0x00000000CA2AEEB0 000038 (v01 INTEL  KBL-ULT  00000001 MSFT 0000005F)
Jun 14 20:15:27 archlinux kernel: ACPI: SSDT 0x00000000CA2AEEE8 000BEE (v02 INTEL  xh_OEMBD 00000000 INTL 20160422)
Jun 14 20:15:27 archlinux kernel: ACPI: UEFI 0x00000000CA2AFAD8 000042 (v01                 00000000      00000000)
Jun 14 20:15:27 archlinux kernel: ACPI: SSDT 0x00000000CA2AFB20 0017AE (v02 CpuRef CpuSsdt  00003000 INTL 20160422)
Jun 14 20:15:27 archlinux kernel: ACPI: LPIT 0x00000000CA2B12D0 000094 (v01 INTEL  KBL-ULT  00000000 MSFT 0000005F)
Jun 14 20:15:27 archlinux kernel: ACPI: SSDT 0x00000000CA2B1368 000161 (v02 INTEL  HdaDsp   00000000 INTL 20160422)
Jun 14 20:15:27 archlinux kernel: ACPI: SSDT 0x00000000CA2B14D0 00029F (v02 INTEL  sensrhub 00000000 INTL 20160422)
Jun 14 20:15:27 archlinux kernel: ACPI: SSDT 0x00000000CA2B1770 003002 (v02 INTEL  PtidDevc 00001000 INTL 20160422)
Jun 14 20:15:27 archlinux kernel: ACPI: SSDT 0x00000000CA2B4778 000517 (v02 INTEL  TbtTypeC 00000000 INTL 20160422)
Jun 14 20:15:27 archlinux kernel: ACPI: DBGP 0x00000000CA2B4C90 000034 (v01 INTEL           00000002 MSFT 0000005F)
Jun 14 20:15:27 archlinux kernel: ACPI: DBG2 0x00000000CA2B4CC8 000054 (v00 INTEL           00000002 MSFT 0000005F)
Jun 14 20:15:27 archlinux kernel: ACPI: SSDT 0x00000000CA2B4D20 0007DD (v02 INTEL  UsbCTabl 00001000 INTL 20160422)
Jun 14 20:15:27 archlinux kernel: ACPI: SSDT 0x00000000CA2B5500 00531B (v02 DptfTa DptfTabl 00001000 INTL 20160422)
Jun 14 20:15:27 archlinux kernel: ACPI: SLIC 0x00000000CA2BA820 000176 (v03 DELL   CBX3     01072009 MSFT 00010013)
Jun 14 20:15:27 archlinux kernel: ACPI: NHLT 0x00000000CA2BA998 00002D (v00 INTEL  EDK2     00000002      01000013)
Jun 14 20:15:27 archlinux kernel: ACPI: UEFI 0x00000000CA2BA9C8 00005C (v01 INTEL  RstSataV 00000000 ??   00000000)
Jun 14 20:15:27 archlinux kernel: ACPI: ASF! 0x00000000CA2BAA28 0000A0 (v32 INTEL   HCG     00000001 TFSM 000F4240)
Jun 14 20:15:27 archlinux kernel: ACPI: DMAR 0x00000000CA2BAAC8 000138 (v01 INTEL  EDK2     00000001 INTL 00000001)
Jun 14 20:15:27 archlinux kernel: ACPI: BGRT 0x00000000CA2BAC00 000038 (v00                 01072009 AMI  00010013)
Jun 14 20:15:27 archlinux kernel: ACPI: Reserving FACP table memory at [mem 0xca2acb60-0xca2acc6b]
Jun 14 20:15:27 archlinux kernel: ACPI: Reserving DSDT table memory at [mem 0xca282258-0xca2acb5f]
Jun 14 20:15:27 archlinux kernel: ACPI: Reserving FACS table memory at [mem 0xcac1b180-0xcac1b1bf]
Jun 14 20:15:27 archlinux kernel: ACPI: Reserving UEFI table memory at [mem 0xca2ad000-0xca2ad639]
Jun 14 20:15:27 archlinux kernel: ACPI: Reserving APIC table memory at [mem 0xca2ad640-0xca2ad6fb]
Jun 14 20:15:27 archlinux kernel: ACPI: Reserving FPDT table memory at [mem 0xca2ad700-0xca2ad743]
Jun 14 20:15:27 archlinux kernel: ACPI: Reserving FIDT table memory at [mem 0xca2ad748-0xca2ad7f3]
Jun 14 20:15:27 archlinux kernel: ACPI: Reserving MCFG table memory at [mem 0xca2ad7f8-0xca2ad833]
Jun 14 20:15:27 archlinux kernel: ACPI: Reserving HPET table memory at [mem 0xca2ad838-0xca2ad86f]
Jun 14 20:15:27 archlinux kernel: ACPI: Reserving SSDT table memory at [mem 0xca2ad870-0xca2adbc8]
Jun 14 20:15:27 archlinux kernel: ACPI: Reserving SSDT table memory at [mem 0xca2adbd0-0xca2aeeaf]
Jun 14 20:15:27 archlinux kernel: ACPI: Reserving HPET table memory at [mem 0xca2aeeb0-0xca2aeee7]
Jun 14 20:15:27 archlinux kernel: ACPI: Reserving SSDT table memory at [mem 0xca2aeee8-0xca2afad5]
Jun 14 20:15:27 archlinux kernel: ACPI: Reserving UEFI table memory at [mem 0xca2afad8-0xca2afb19]
Jun 14 20:15:27 archlinux kernel: ACPI: Reserving SSDT table memory at [mem 0xca2afb20-0xca2b12cd]
Jun 14 20:15:27 archlinux kernel: ACPI: Reserving LPIT table memory at [mem 0xca2b12d0-0xca2b1363]
Jun 14 20:15:27 archlinux kernel: ACPI: Reserving SSDT table memory at [mem 0xca2b1368-0xca2b14c8]
Jun 14 20:15:27 archlinux kernel: ACPI: Reserving SSDT table memory at [mem 0xca2b14d0-0xca2b176e]
Jun 14 20:15:27 archlinux kernel: ACPI: Reserving SSDT table memory at [mem 0xca2b1770-0xca2b4771]
Jun 14 20:15:27 archlinux kernel: ACPI: Reserving SSDT table memory at [mem 0xca2b4778-0xca2b4c8e]
Jun 14 20:15:27 archlinux kernel: ACPI: Reserving DBGP table memory at [mem 0xca2b4c90-0xca2b4cc3]
Jun 14 20:15:27 archlinux kernel: ACPI: Reserving DBG2 table memory at [mem 0xca2b4cc8-0xca2b4d1b]
Jun 14 20:15:27 archlinux kernel: ACPI: Reserving SSDT table memory at [mem 0xca2b4d20-0xca2b54fc]
Jun 14 20:15:27 archlinux kernel: ACPI: Reserving SSDT table memory at [mem 0xca2b5500-0xca2ba81a]
Jun 14 20:15:27 archlinux kernel: ACPI: Reserving SLIC table memory at [mem 0xca2ba820-0xca2ba995]
Jun 14 20:15:27 archlinux kernel: ACPI: Reserving NHLT table memory at [mem 0xca2ba998-0xca2ba9c4]
Jun 14 20:15:27 archlinux kernel: ACPI: Reserving UEFI table memory at [mem 0xca2ba9c8-0xca2baa23]
Jun 14 20:15:27 archlinux kernel: ACPI: Reserving ASF! table memory at [mem 0xca2baa28-0xca2baac7]
Jun 14 20:15:27 archlinux kernel: ACPI: Reserving DMAR table memory at [mem 0xca2baac8-0xca2babff]
Jun 14 20:15:27 archlinux kernel: ACPI: Reserving BGRT table memory at [mem 0xca2bac00-0xca2bac37]
Jun 14 20:15:27 archlinux kernel: ACPI: Local APIC address 0xfee00000
Jun 14 20:15:27 archlinux kernel: No NUMA configuration found
Jun 14 20:15:27 archlinux kernel: Faking a node at [mem 0x0000000000000000-0x000000022e7fffff]
Jun 14 20:15:27 archlinux kernel: NODE_DATA(0) allocated [mem 0x22e7fc000-0x22e7fffff]
Jun 14 20:15:27 archlinux kernel: Zone ranges:
Jun 14 20:15:27 archlinux kernel:   DMA      [mem 0x0000000000001000-0x0000000000ffffff]
Jun 14 20:15:27 archlinux kernel:   DMA32    [mem 0x0000000001000000-0x00000000ffffffff]
Jun 14 20:15:27 archlinux kernel:   Normal   [mem 0x0000000100000000-0x000000022e7fffff]
Jun 14 20:15:27 archlinux kernel:   Device   empty
Jun 14 20:15:27 archlinux kernel: Movable zone start for each node
Jun 14 20:15:27 archlinux kernel: Early memory node ranges
Jun 14 20:15:27 archlinux kernel:   node   0: [mem 0x0000000000001000-0x0000000000057fff]
Jun 14 20:15:27 archlinux kernel:   node   0: [mem 0x0000000000059000-0x000000000009dfff]
Jun 14 20:15:27 archlinux kernel:   node   0: [mem 0x0000000000100000-0x00000000b9f6efff]
Jun 14 20:15:27 archlinux kernel:   node   0: [mem 0x00000000b9f71000-0x00000000c9ec5fff]
Jun 14 20:15:27 archlinux kernel:   node   0: [mem 0x00000000cb5ff000-0x00000000cb5fffff]
Jun 14 20:15:27 archlinux kernel:   node   0: [mem 0x0000000100000000-0x000000022e7fffff]
Jun 14 20:15:27 archlinux kernel: Initmem setup node 0 [mem 0x0000000000001000-0x000000022e7fffff]
Jun 14 20:15:27 archlinux kernel: On node 0 totalpages: 2066017
Jun 14 20:15:27 archlinux kernel:   DMA zone: 64 pages used for memmap
Jun 14 20:15:27 archlinux kernel:   DMA zone: 21 pages reserved
Jun 14 20:15:27 archlinux kernel:   DMA zone: 3996 pages, LIFO batch:0
Jun 14 20:15:27 archlinux kernel:   DMA zone: 28772 pages in unavailable ranges
Jun 14 20:15:27 archlinux kernel:   DMA32 zone: 12860 pages used for memmap
Jun 14 20:15:27 archlinux kernel:   DMA32 zone: 822981 pages, LIFO batch:63
Jun 14 20:15:27 archlinux kernel:   DMA32 zone: 24891 pages in unavailable ranges
Jun 14 20:15:27 archlinux kernel:   Normal zone: 19360 pages used for memmap
Jun 14 20:15:27 archlinux kernel:   Normal zone: 1239040 pages, LIFO batch:63
Jun 14 20:15:27 archlinux kernel:   Normal zone: 6144 pages in unavailable ranges
Jun 14 20:15:27 archlinux kernel: Reserving Intel graphics memory at [mem 0xcd800000-0xcf7fffff]
Jun 14 20:15:27 archlinux kernel: ACPI: PM-Timer IO Port: 0x1808
Jun 14 20:15:27 archlinux kernel: ACPI: Local APIC address 0xfee00000
Jun 14 20:15:27 archlinux kernel: ACPI: LAPIC_NMI (acpi_id[0x01] high edge lint[0x1])
Jun 14 20:15:27 archlinux kernel: ACPI: LAPIC_NMI (acpi_id[0x02] high edge lint[0x1])
Jun 14 20:15:27 archlinux kernel: ACPI: LAPIC_NMI (acpi_id[0x03] high edge lint[0x1])
Jun 14 20:15:27 archlinux kernel: ACPI: LAPIC_NMI (acpi_id[0x04] high edge lint[0x1])
Jun 14 20:15:27 archlinux kernel: ACPI: LAPIC_NMI (acpi_id[0x05] high edge lint[0x1])
Jun 14 20:15:27 archlinux kernel: ACPI: LAPIC_NMI (acpi_id[0x06] high edge lint[0x1])
Jun 14 20:15:27 archlinux kernel: ACPI: LAPIC_NMI (acpi_id[0x07] high edge lint[0x1])
Jun 14 20:15:27 archlinux kernel: ACPI: LAPIC_NMI (acpi_id[0x08] high edge lint[0x1])
Jun 14 20:15:27 archlinux kernel: IOAPIC[0]: apic_id 2, version 32, address 0xfec00000, GSI 0-119
Jun 14 20:15:27 archlinux kernel: ACPI: INT_SRC_OVR (bus 0 bus_irq 0 global_irq 2 dfl dfl)
Jun 14 20:15:27 archlinux kernel: ACPI: INT_SRC_OVR (bus 0 bus_irq 9 global_irq 9 high level)
Jun 14 20:15:27 archlinux kernel: ACPI: IRQ0 used by override.
Jun 14 20:15:27 archlinux kernel: ACPI: IRQ9 used by override.
Jun 14 20:15:27 archlinux kernel: Using ACPI (MADT) for SMP configuration information
Jun 14 20:15:27 archlinux kernel: ACPI: HPET id: 0x8086a701 base: 0xfed00000
Jun 14 20:15:27 archlinux kernel: e820: update [mem 0xc6416000-0xc645cfff] usable ==> reserved
Jun 14 20:15:27 archlinux kernel: TSC deadline timer available
Jun 14 20:15:27 archlinux kernel: smpboot: Allowing 8 CPUs, 0 hotplug CPUs
Jun 14 20:15:27 archlinux kernel: PM: hibernation: Registered nosave memory: [mem 0x00000000-0x00000fff]
Jun 14 20:15:27 archlinux kernel: PM: hibernation: Registered nosave memory: [mem 0x00058000-0x00058fff]
Jun 14 20:15:27 archlinux kernel: PM: hibernation: Registered nosave memory: [mem 0x0009e000-0x000fffff]
Jun 14 20:15:27 archlinux kernel: PM: hibernation: Registered nosave memory: [mem 0xb7c21000-0xb7c21fff]
Jun 14 20:15:27 archlinux kernel: PM: hibernation: Registered nosave memory: [mem 0xb7c31000-0xb7c31fff]
Jun 14 20:15:27 archlinux kernel: PM: hibernation: Registered nosave memory: [mem 0xb7c32000-0xb7c32fff]
Jun 14 20:15:27 archlinux kernel: PM: hibernation: Registered nosave memory: [mem 0xb7c4f000-0xb7c4ffff]
Jun 14 20:15:27 archlinux kernel: PM: hibernation: Registered nosave memory: [mem 0xb9f6f000-0xb9f6ffff]
Jun 14 20:15:27 archlinux kernel: PM: hibernation: Registered nosave memory: [mem 0xb9f70000-0xb9f70fff]
Jun 14 20:15:27 archlinux kernel: PM: hibernation: Registered nosave memory: [mem 0xc6416000-0xc645cfff]
Jun 14 20:15:27 archlinux kernel: PM: hibernation: Registered nosave memory: [mem 0xc9ec6000-0xca273fff]
Jun 14 20:15:27 archlinux kernel: PM: hibernation: Registered nosave memory: [mem 0xca274000-0xca2bbfff]
Jun 14 20:15:27 archlinux kernel: PM: hibernation: Registered nosave memory: [mem 0xca2bc000-0xcac1dfff]
Jun 14 20:15:27 archlinux kernel: PM: hibernation: Registered nosave memory: [mem 0xcac1e000-0xcb5fefff]
Jun 14 20:15:27 archlinux kernel: PM: hibernation: Registered nosave memory: [mem 0xcb600000-0xcf7fffff]
Jun 14 20:15:27 archlinux kernel: PM: hibernation: Registered nosave memory: [mem 0xcf800000-0xefffffff]
Jun 14 20:15:27 archlinux kernel: PM: hibernation: Registered nosave memory: [mem 0xf0000000-0xf7ffffff]
Jun 14 20:15:27 archlinux kernel: PM: hibernation: Registered nosave memory: [mem 0xf8000000-0xfdffffff]
Jun 14 20:15:27 archlinux kernel: PM: hibernation: Registered nosave memory: [mem 0xfe000000-0xfe010fff]
Jun 14 20:15:27 archlinux kernel: PM: hibernation: Registered nosave memory: [mem 0xfe011000-0xfebfffff]
Jun 14 20:15:27 archlinux kernel: PM: hibernation: Registered nosave memory: [mem 0xfec00000-0xfec00fff]
Jun 14 20:15:27 archlinux kernel: PM: hibernation: Registered nosave memory: [mem 0xfec01000-0xfedfffff]
Jun 14 20:15:27 archlinux kernel: PM: hibernation: Registered nosave memory: [mem 0xfee00000-0xfee00fff]
Jun 14 20:15:27 archlinux kernel: PM: hibernation: Registered nosave memory: [mem 0xfee01000-0xfeffffff]
Jun 14 20:15:27 archlinux kernel: PM: hibernation: Registered nosave memory: [mem 0xff000000-0xffffffff]
Jun 14 20:15:27 archlinux kernel: [mem 0xcf800000-0xefffffff] available for PCI devices
Jun 14 20:15:27 archlinux kernel: Booting paravirtualized kernel on bare hardware
Jun 14 20:15:27 archlinux kernel: clocksource: refined-jiffies: mask: 0xffffffff max_cycles: 0xffffffff, max_idle_ns: 6370452778343963 ns
Jun 14 20:15:27 archlinux kernel: setup_percpu: NR_CPUS:320 nr_cpumask_bits:320 nr_cpu_ids:8 nr_node_ids:1
Jun 14 20:15:27 archlinux kernel: percpu: Embedded 56 pages/cpu s192512 r8192 d28672 u262144
Jun 14 20:15:27 archlinux kernel: pcpu-alloc: s192512 r8192 d28672 u262144 alloc=1*2097152
Jun 14 20:15:27 archlinux kernel: pcpu-alloc: [0] 0 1 2 3 4 5 6 7 
Jun 14 20:15:27 archlinux kernel: Built 1 zonelists, mobility grouping on.  Total pages: 2033712
Jun 14 20:15:27 archlinux kernel: Policy zone: Normal
Jun 14 20:15:27 archlinux kernel: Kernel command line: initrd=\intel-ucode.img initrd=\initramfs-linux.img rw rd.luks.name=7634291b-1e1e-427f-8fdc-7f17ba7cc52a=cryptroot root=/dev/mapper/cryptroot mem_sleep_default=deep
Jun 14 20:15:27 archlinux kernel: Dentry cache hash table entries: 1048576 (order: 11, 8388608 bytes, linear)
Jun 14 20:15:27 archlinux kernel: Inode-cache hash table entries: 524288 (order: 10, 4194304 bytes, linear)
Jun 14 20:15:27 archlinux kernel: mem auto-init: stack:byref_all(zero), heap alloc:on, heap free:off
Jun 14 20:15:27 archlinux kernel: Memory: 7944212K/8264068K available (14344K kernel code, 2040K rwdata, 8988K rodata, 1652K init, 4372K bss, 319596K reserved, 0K cma-reserved)
Jun 14 20:15:27 archlinux kernel: random: get_random_u64 called from __kmem_cache_create+0x22/0x530 with crng_init=0
Jun 14 20:15:27 archlinux kernel: SLUB: HWalign=64, Order=0-3, MinObjects=0, CPUs=8, Nodes=1
Jun 14 20:15:27 archlinux kernel: Kernel/User page tables isolation: enabled
Jun 14 20:15:27 archlinux kernel: ftrace: allocating 41908 entries in 164 pages
Jun 14 20:15:27 archlinux kernel: ftrace: allocated 164 pages with 3 groups
Jun 14 20:15:27 archlinux kernel: rcu: Preemptible hierarchical RCU implementation.
Jun 14 20:15:27 archlinux kernel: rcu: 	RCU dyntick-idle grace-period acceleration is enabled.
Jun 14 20:15:27 archlinux kernel: rcu: 	RCU restricting CPUs from NR_CPUS=320 to nr_cpu_ids=8.
Jun 14 20:15:27 archlinux kernel: rcu: 	RCU priority boosting: priority 1 delay 500 ms.
Jun 14 20:15:27 archlinux kernel: 	Trampoline variant of Tasks RCU enabled.
Jun 14 20:15:27 archlinux kernel: 	Rude variant of Tasks RCU enabled.
Jun 14 20:15:27 archlinux kernel: 	Tracing variant of Tasks RCU enabled.
Jun 14 20:15:27 archlinux kernel: rcu: RCU calculated value of scheduler-enlistment delay is 30 jiffies.
Jun 14 20:15:27 archlinux kernel: rcu: Adjusting geometry for rcu_fanout_leaf=16, nr_cpu_ids=8
Jun 14 20:15:27 archlinux kernel: NR_IRQS: 20736, nr_irqs: 2048, preallocated irqs: 16
Jun 14 20:15:27 archlinux kernel: spurious 8259A interrupt: IRQ7.
Jun 14 20:15:27 archlinux kernel: Console: colour dummy device 80x25
Jun 14 20:15:27 archlinux kernel: printk: console [tty0] enabled
Jun 14 20:15:27 archlinux kernel: ACPI: Core revision 20210105
Jun 14 20:15:27 archlinux kernel: clocksource: hpet: mask: 0xffffffff max_cycles: 0xffffffff, max_idle_ns: 79635855245 ns
Jun 14 20:15:27 archlinux kernel: APIC: Switch to symmetric I/O mode setup
Jun 14 20:15:27 archlinux kernel: DMAR: Host address width 39
Jun 14 20:15:27 archlinux kernel: DMAR: DRHD base: 0x000000fed90000 flags: 0x0
Jun 14 20:15:27 archlinux kernel: DMAR: dmar0: reg_base_addr fed90000 ver 1:0 cap 1c0000c40660462 ecap 19e2ff0505e
Jun 14 20:15:27 archlinux kernel: DMAR: DRHD base: 0x000000fed91000 flags: 0x1
Jun 14 20:15:27 archlinux kernel: DMAR: dmar1: reg_base_addr fed91000 ver 1:0 cap d2008c40660462 ecap f050da
Jun 14 20:15:27 archlinux kernel: DMAR: RMRR base: 0x000000c9f9f000 end: 0x000000c9fbefff
Jun 14 20:15:27 archlinux kernel: DMAR: RMRR base: 0x000000cd000000 end: 0x000000cf7fffff
Jun 14 20:15:27 archlinux kernel: DMAR: ANDD device: 1 name: \_SB.PCI0.I2C0
Jun 14 20:15:27 archlinux kernel: DMAR: ANDD device: 2 name: \_SB.PCI0.I2C1
Jun 14 20:15:27 archlinux kernel: DMAR: ANDD device: 3 name: \_SB.PCI0.I2C2
Jun 14 20:15:27 archlinux kernel: DMAR: ANDD device: 4 name: \_SB.PCI0.I2C3
Jun 14 20:15:27 archlinux kernel: DMAR-IR: IOAPIC id 2 under DRHD base  0xfed91000 IOMMU 1
Jun 14 20:15:27 archlinux kernel: DMAR-IR: HPET id 0 under DRHD base 0xfed91000
Jun 14 20:15:27 archlinux kernel: DMAR-IR: Queued invalidation will be enabled to support x2apic and Intr-remapping.
Jun 14 20:15:27 archlinux kernel: DMAR-IR: Enabled IRQ remapping in x2apic mode
Jun 14 20:15:27 archlinux kernel: x2apic enabled
Jun 14 20:15:27 archlinux kernel: Switched APIC routing to cluster x2apic.
Jun 14 20:15:27 archlinux kernel: ..TIMER: vector=0x30 apic1=0 pin1=2 apic2=-1 pin2=-1
Jun 14 20:15:27 archlinux kernel: clocksource: tsc-early: mask: 0xffffffffffffffff max_cycles: 0x19f2297dd97, max_idle_ns: 440795236593 ns
Jun 14 20:15:27 archlinux kernel: Calibrating delay loop (skipped), value calculated using timer frequency.. 3601.00 BogoMIPS (lpj=6000000)
Jun 14 20:15:27 archlinux kernel: pid_max: default: 32768 minimum: 301
Jun 14 20:15:27 archlinux kernel: LSM: Security Framework initializing
Jun 14 20:15:27 archlinux kernel: Yama: becoming mindful.
Jun 14 20:15:27 archlinux kernel: LSM support for eBPF active
Jun 14 20:15:27 archlinux kernel: Mount-cache hash table entries: 16384 (order: 5, 131072 bytes, linear)
Jun 14 20:15:27 archlinux kernel: Mountpoint-cache hash table entries: 16384 (order: 5, 131072 bytes, linear)
Jun 14 20:15:27 archlinux kernel: CPU0: Thermal monitoring enabled (TM1)
Jun 14 20:15:27 archlinux kernel: process: using mwait in idle threads
Jun 14 20:15:27 archlinux kernel: Last level iTLB entries: 4KB 64, 2MB 8, 4MB 8
Jun 14 20:15:27 archlinux kernel: Last level dTLB entries: 4KB 64, 2MB 0, 4MB 0, 1GB 4
Jun 14 20:15:27 archlinux kernel: Spectre V1 : Mitigation: usercopy/swapgs barriers and __user pointer sanitization
Jun 14 20:15:27 archlinux kernel: Spectre V2 : Mitigation: Full generic retpoline
Jun 14 20:15:27 archlinux kernel: Spectre V2 : Spectre v2 / SpectreRSB mitigation: Filling RSB on context switch
Jun 14 20:15:27 archlinux kernel: Spectre V2 : Enabling Restricted Speculation for firmware calls
Jun 14 20:15:27 archlinux kernel: Spectre V2 : mitigation: Enabling conditional Indirect Branch Prediction Barrier
Jun 14 20:15:27 archlinux kernel: Spectre V2 : User space: Mitigation: STIBP via seccomp and prctl
Jun 14 20:15:27 archlinux kernel: Speculative Store Bypass: Mitigation: Speculative Store Bypass disabled via prctl and seccomp
Jun 14 20:15:27 archlinux kernel: SRBDS: Mitigation: Microcode
Jun 14 20:15:27 archlinux kernel: MDS: Mitigation: Clear CPU buffers
Jun 14 20:15:27 archlinux kernel: Freeing SMP alternatives memory: 36K
Jun 14 20:15:27 archlinux kernel: smpboot: Estimated ratio of average max frequency by base frequency (times 1024): 1934
Jun 14 20:15:27 archlinux kernel: smpboot: CPU0: Intel(R) Core(TM) i5-8250U CPU @ 1.60GHz (family: 0x6, model: 0x8e, stepping: 0xa)
Jun 14 20:15:27 archlinux kernel: Performance Events: PEBS fmt3+, Skylake events, 32-deep LBR, full-width counters, Intel PMU driver.
Jun 14 20:15:27 archlinux kernel: ... version:                4
Jun 14 20:15:27 archlinux kernel: ... bit width:              48
Jun 14 20:15:27 archlinux kernel: ... generic registers:      4
Jun 14 20:15:27 archlinux kernel: ... value mask:             0000ffffffffffff
Jun 14 20:15:27 archlinux kernel: ... max period:             00007fffffffffff
Jun 14 20:15:27 archlinux kernel: ... fixed-purpose events:   3
Jun 14 20:15:27 archlinux kernel: ... event mask:             000000070000000f
Jun 14 20:15:27 archlinux kernel: rcu: Hierarchical SRCU implementation.
Jun 14 20:15:27 archlinux kernel: NMI watchdog: Enabled. Permanently consumes one hw-PMU counter.
Jun 14 20:15:27 archlinux kernel: smp: Bringing up secondary CPUs ...
Jun 14 20:15:27 archlinux kernel: x86: Booting SMP configuration:
Jun 14 20:15:27 archlinux kernel: .... node  #0, CPUs:      #1 #2 #3 #4
Jun 14 20:15:27 archlinux kernel: MDS CPU bug present and SMT on, data leak possible. See https://www.kernel.org/doc/html/latest/admin-guide/hw-vuln/mds.html for more details.
Jun 14 20:15:27 archlinux kernel:  #5 #6 #7
Jun 14 20:15:27 archlinux kernel: smp: Brought up 1 node, 8 CPUs
Jun 14 20:15:27 archlinux kernel: smpboot: Max logical packages: 1
Jun 14 20:15:27 archlinux kernel: smpboot: Total of 8 processors activated (28811.00 BogoMIPS)
Jun 14 20:15:27 archlinux kernel: devtmpfs: initialized
Jun 14 20:15:27 archlinux kernel: x86/mm: Memory block size: 128MB
Jun 14 20:15:27 archlinux kernel: PM: Registering ACPI NVS region [mem 0xb9f6f000-0xb9f6ffff] (4096 bytes)
Jun 14 20:15:27 archlinux kernel: PM: Registering ACPI NVS region [mem 0xca2bc000-0xcac1dfff] (9838592 bytes)
Jun 14 20:15:27 archlinux kernel: clocksource: jiffies: mask: 0xffffffff max_cycles: 0xffffffff, max_idle_ns: 6370867519511994 ns
Jun 14 20:15:27 archlinux kernel: futex hash table entries: 2048 (order: 5, 131072 bytes, linear)
Jun 14 20:15:27 archlinux kernel: pinctrl core: initialized pinctrl subsystem
Jun 14 20:15:27 archlinux kernel: PM: RTC time: 10:15:26, date: 2021-06-14
Jun 14 20:15:27 archlinux kernel: NET: Registered protocol family 16
Jun 14 20:15:27 archlinux kernel: DMA: preallocated 1024 KiB GFP_KERNEL pool for atomic allocations
Jun 14 20:15:27 archlinux kernel: DMA: preallocated 1024 KiB GFP_KERNEL|GFP_DMA pool for atomic allocations
Jun 14 20:15:27 archlinux kernel: DMA: preallocated 1024 KiB GFP_KERNEL|GFP_DMA32 pool for atomic allocations
Jun 14 20:15:27 archlinux kernel: audit: initializing netlink subsys (disabled)
Jun 14 20:15:27 archlinux kernel: audit: type=2000 audit(1623665726.043:1): state=initialized audit_enabled=0 res=1
Jun 14 20:15:27 archlinux kernel: thermal_sys: Registered thermal governor 'fair_share'
Jun 14 20:15:27 archlinux kernel: thermal_sys: Registered thermal governor 'bang_bang'
Jun 14 20:15:27 archlinux kernel: thermal_sys: Registered thermal governor 'step_wise'
Jun 14 20:15:27 archlinux kernel: thermal_sys: Registered thermal governor 'user_space'
Jun 14 20:15:27 archlinux kernel: thermal_sys: Registered thermal governor 'power_allocator'
Jun 14 20:15:27 archlinux kernel: cpuidle: using governor ladder
Jun 14 20:15:27 archlinux kernel: cpuidle: using governor menu
Jun 14 20:15:27 archlinux kernel: ACPI: bus type PCI registered
Jun 14 20:15:27 archlinux kernel: acpiphp: ACPI Hot Plug PCI Controller Driver version: 0.5
Jun 14 20:15:27 archlinux kernel: PCI: MMCONFIG for domain 0000 [bus 00-7f] at [mem 0xf0000000-0xf7ffffff] (base 0xf0000000)
Jun 14 20:15:27 archlinux kernel: PCI: MMCONFIG at [mem 0xf0000000-0xf7ffffff] reserved in E820
Jun 14 20:15:27 archlinux kernel: PCI: Using configuration type 1 for base access
Jun 14 20:15:27 archlinux kernel: ENERGY_PERF_BIAS: Set to 'normal', was 'performance'
Jun 14 20:15:27 archlinux kernel: Kprobes globally optimized
Jun 14 20:15:27 archlinux kernel: HugeTLB registered 1.00 GiB page size, pre-allocated 0 pages
Jun 14 20:15:27 archlinux kernel: HugeTLB registered 2.00 MiB page size, pre-allocated 0 pages
Jun 14 20:15:27 archlinux kernel: ACPI: Added _OSI(Module Device)
Jun 14 20:15:27 archlinux kernel: ACPI: Added _OSI(Processor Device)
Jun 14 20:15:27 archlinux kernel: ACPI: Added _OSI(3.0 _SCP Extensions)
Jun 14 20:15:27 archlinux kernel: ACPI: Added _OSI(Processor Aggregator Device)
Jun 14 20:15:27 archlinux kernel: ACPI: Added _OSI(Linux-Dell-Video)
Jun 14 20:15:27 archlinux kernel: ACPI: Added _OSI(Linux-Lenovo-NV-HDMI-Audio)
Jun 14 20:15:27 archlinux kernel: ACPI: Added _OSI(Linux-HPI-Hybrid-Graphics)
Jun 14 20:15:27 archlinux kernel: ACPI: 11 ACPI AML tables successfully acquired and loaded
Jun 14 20:15:27 archlinux kernel: ACPI: [Firmware Bug]: BIOS _OSI(Linux) query ignored
Jun 14 20:15:27 archlinux kernel: ACPI: Dynamic OEM Table Load:
Jun 14 20:15:27 archlinux kernel: ACPI: SSDT 0xFFFF936A0134D800 00058B (v02 PmRef  Cpu0Ist  00003000 INTL 20160422)
Jun 14 20:15:27 archlinux kernel: ACPI: \_PR_.PR00: _OSC native thermal LVT Acked
Jun 14 20:15:27 archlinux kernel: ACPI: Dynamic OEM Table Load:
Jun 14 20:15:27 archlinux kernel: ACPI: SSDT 0xFFFF936A00FFD800 0003FF (v02 PmRef  Cpu0Cst  00003001 INTL 20160422)
Jun 14 20:15:27 archlinux kernel: ACPI: Dynamic OEM Table Load:
Jun 14 20:15:27 archlinux kernel: ACPI: SSDT 0xFFFF936A00C9B000 000D14 (v02 PmRef  ApIst    00003000 INTL 20160422)
Jun 14 20:15:27 archlinux kernel: ACPI: Dynamic OEM Table Load:
Jun 14 20:15:27 archlinux kernel: ACPI: SSDT 0xFFFF936A00FFA800 000317 (v02 PmRef  ApHwp    00003000 INTL 20160422)
Jun 14 20:15:27 archlinux kernel: ACPI: Dynamic OEM Table Load:
Jun 14 20:15:27 archlinux kernel: ACPI: SSDT 0xFFFF936A00FFC000 00030A (v02 PmRef  ApCst    00003000 INTL 20160422)
Jun 14 20:15:27 archlinux kernel: ACPI: EC: EC started
Jun 14 20:15:27 archlinux kernel: ACPI: EC: interrupt blocked
Jun 14 20:15:27 archlinux kernel: ACPI: EC: EC_CMD/EC_SC=0x934, EC_DATA=0x930
Jun 14 20:15:27 archlinux kernel: ACPI: \_SB_.PCI0.LPCB.ECDV: Boot DSDT EC used to handle transactions
Jun 14 20:15:27 archlinux kernel: ACPI: Interpreter enabled
Jun 14 20:15:27 archlinux kernel: ACPI: (supports S0 S3 S4 S5)
Jun 14 20:15:27 archlinux kernel: ACPI: Using IOAPIC for interrupt routing
Jun 14 20:15:27 archlinux kernel: PCI: Using host bridge windows from ACPI; if necessary, use "pci=nocrs" and report a bug
Jun 14 20:15:27 archlinux kernel: ACPI: Enabled 7 GPEs in block 00 to 7F
Jun 14 20:15:27 archlinux kernel: ACPI: PM: Power Resource [WRST] (on)
Jun 14 20:15:27 archlinux kernel: ACPI: PCI Root Bridge [PCI0] (domain 0000 [bus 00-7e])
Jun 14 20:15:27 archlinux kernel: acpi PNP0A08:00: _OSC: OS supports [ExtendedConfig ASPM ClockPM Segments MSI EDR HPX-Type3]
Jun 14 20:15:27 archlinux kernel: acpi PNP0A08:00: _OSC: OS now controls [PCIeHotplug SHPCHotplug PME AER PCIeCapability LTR DPC]
Jun 14 20:15:27 archlinux kernel: PCI host bridge to bus 0000:00
Jun 14 20:15:27 archlinux kernel: pci_bus 0000:00: root bus resource [io  0x0000-0x0cf7 window]
Jun 14 20:15:27 archlinux kernel: pci_bus 0000:00: root bus resource [io  0x0d00-0xffff window]
Jun 14 20:15:27 archlinux kernel: pci_bus 0000:00: root bus resource [mem 0x000a0000-0x000bffff window]
Jun 14 20:15:27 archlinux kernel: pci_bus 0000:00: root bus resource [mem 0x000c0000-0x000c3fff window]
Jun 14 20:15:27 archlinux kernel: pci_bus 0000:00: root bus resource [mem 0x000c4000-0x000c7fff window]
Jun 14 20:15:27 archlinux kernel: pci_bus 0000:00: root bus resource [mem 0x000c8000-0x000cbfff window]
Jun 14 20:15:27 archlinux kernel: pci_bus 0000:00: root bus resource [mem 0x000cc000-0x000cffff window]
Jun 14 20:15:27 archlinux kernel: pci_bus 0000:00: root bus resource [mem 0x000d0000-0x000d3fff window]
Jun 14 20:15:27 archlinux kernel: pci_bus 0000:00: root bus resource [mem 0x000d4000-0x000d7fff window]
Jun 14 20:15:27 archlinux kernel: pci_bus 0000:00: root bus resource [mem 0x000d8000-0x000dbfff window]
Jun 14 20:15:27 archlinux kernel: pci_bus 0000:00: root bus resource [mem 0x000dc000-0x000dffff window]
Jun 14 20:15:27 archlinux kernel: pci_bus 0000:00: root bus resource [mem 0xcf800000-0xefffffff window]
Jun 14 20:15:27 archlinux kernel: pci_bus 0000:00: root bus resource [mem 0xfd000000-0xfe7fffff window]
Jun 14 20:15:27 archlinux kernel: pci_bus 0000:00: root bus resource [bus 00-7e]
Jun 14 20:15:27 archlinux kernel: pci 0000:00:00.0: [8086:5914] type 00 class 0x060000
Jun 14 20:15:27 archlinux kernel: pci 0000:00:02.0: [8086:5917] type 00 class 0x030000
Jun 14 20:15:27 archlinux kernel: pci 0000:00:02.0: reg 0x10: [mem 0xee000000-0xeeffffff 64bit]
Jun 14 20:15:27 archlinux kernel: pci 0000:00:02.0: reg 0x18: [mem 0xd0000000-0xdfffffff 64bit pref]
Jun 14 20:15:27 archlinux kernel: pci 0000:00:02.0: reg 0x20: [io  0xf000-0xf03f]
Jun 14 20:15:27 archlinux kernel: pci 0000:00:02.0: BAR 2: assigned to efifb
Jun 14 20:15:27 archlinux kernel: pci 0000:00:04.0: [8086:1903] type 00 class 0x118000
Jun 14 20:15:27 archlinux kernel: pci 0000:00:04.0: reg 0x10: [mem 0xef240000-0xef247fff 64bit]
Jun 14 20:15:27 archlinux kernel: pci 0000:00:14.0: [8086:9d2f] type 00 class 0x0c0330
Jun 14 20:15:27 archlinux kernel: pci 0000:00:14.0: reg 0x10: [mem 0xef230000-0xef23ffff 64bit]
Jun 14 20:15:27 archlinux kernel: pci 0000:00:14.0: PME# supported from D3hot D3cold
Jun 14 20:15:27 archlinux kernel: pci 0000:00:14.2: [8086:9d31] type 00 class 0x118000
Jun 14 20:15:27 archlinux kernel: pci 0000:00:14.2: reg 0x10: [mem 0xef25a000-0xef25afff 64bit]
Jun 14 20:15:27 archlinux kernel: pci 0000:00:15.0: [8086:9d60] type 00 class 0x118000
Jun 14 20:15:27 archlinux kernel: pci 0000:00:15.0: reg 0x10: [mem 0xef259000-0xef259fff 64bit]
Jun 14 20:15:27 archlinux kernel: pci 0000:00:15.1: [8086:9d61] type 00 class 0x118000
Jun 14 20:15:27 archlinux kernel: pci 0000:00:15.1: reg 0x10: [mem 0xef258000-0xef258fff 64bit]
Jun 14 20:15:27 archlinux kernel: pci 0000:00:15.2: [8086:9d62] type 00 class 0x118000
Jun 14 20:15:27 archlinux kernel: pci 0000:00:15.2: reg 0x10: [mem 0xef257000-0xef257fff 64bit]
Jun 14 20:15:27 archlinux kernel: pci 0000:00:15.3: [8086:9d63] type 00 class 0x118000
Jun 14 20:15:27 archlinux kernel: pci 0000:00:15.3: reg 0x10: [mem 0xef256000-0xef256fff 64bit]
Jun 14 20:15:27 archlinux kernel: pci 0000:00:16.0: [8086:9d3a] type 00 class 0x078000
Jun 14 20:15:27 archlinux kernel: pci 0000:00:16.0: reg 0x10: [mem 0xef255000-0xef255fff 64bit]
Jun 14 20:15:27 archlinux kernel: pci 0000:00:16.0: PME# supported from D3hot
Jun 14 20:15:27 archlinux kernel: pci 0000:00:17.0: [8086:282a] type 00 class 0x010400
Jun 14 20:15:27 archlinux kernel: pci 0000:00:17.0: reg 0x10: [mem 0xef250000-0xef251fff]
Jun 14 20:15:27 archlinux kernel: pci 0000:00:17.0: reg 0x14: [mem 0xef254000-0xef2540ff]
Jun 14 20:15:27 archlinux kernel: pci 0000:00:17.0: reg 0x18: [io  0xf090-0xf097]
Jun 14 20:15:27 archlinux kernel: pci 0000:00:17.0: reg 0x1c: [io  0xf080-0xf083]
Jun 14 20:15:27 archlinux kernel: pci 0000:00:17.0: reg 0x20: [io  0xf060-0xf07f]
Jun 14 20:15:27 archlinux kernel: pci 0000:00:17.0: reg 0x24: [mem 0xef253000-0xef2537ff]
Jun 14 20:15:27 archlinux kernel: pci 0000:00:17.0: PME# supported from D3hot
Jun 14 20:15:27 archlinux kernel: pci 0000:00:1c.0: [8086:9d10] type 01 class 0x060400
Jun 14 20:15:27 archlinux kernel: pci 0000:00:1c.0: PME# supported from D0 D3hot D3cold
Jun 14 20:15:27 archlinux kernel: pci 0000:00:1c.2: [8086:9d12] type 01 class 0x060400
Jun 14 20:15:27 archlinux kernel: pci 0000:00:1c.2: PME# supported from D0 D3hot D3cold
Jun 14 20:15:27 archlinux kernel: pci 0000:00:1f.0: [8086:9d4e] type 00 class 0x060100
Jun 14 20:15:27 archlinux kernel: pci 0000:00:1f.2: [8086:9d21] type 00 class 0x058000
Jun 14 20:15:27 archlinux kernel: pci 0000:00:1f.2: reg 0x10: [mem 0xef24c000-0xef24ffff]
Jun 14 20:15:27 archlinux kernel: pci 0000:00:1f.3: [8086:9d71] type 00 class 0x040380
Jun 14 20:15:27 archlinux kernel: pci 0000:00:1f.3: reg 0x10: [mem 0xef248000-0xef24bfff 64bit]
Jun 14 20:15:27 archlinux kernel: pci 0000:00:1f.3: reg 0x20: [mem 0xef220000-0xef22ffff 64bit]
Jun 14 20:15:27 archlinux kernel: pci 0000:00:1f.3: PME# supported from D3hot D3cold
Jun 14 20:15:27 archlinux kernel: pci 0000:00:1f.4: [8086:9d23] type 00 class 0x0c0500
Jun 14 20:15:27 archlinux kernel: pci 0000:00:1f.4: reg 0x10: [mem 0xef252000-0xef2520ff 64bit]
Jun 14 20:15:27 archlinux kernel: pci 0000:00:1f.4: reg 0x20: [io  0xf040-0xf05f]
Jun 14 20:15:27 archlinux kernel: pci 0000:00:1f.6: [8086:15d7] type 00 class 0x020000
Jun 14 20:15:27 archlinux kernel: pci 0000:00:1f.6: reg 0x10: [mem 0xef200000-0xef21ffff]
Jun 14 20:15:27 archlinux kernel: pci 0000:00:1f.6: PME# supported from D0 D3hot D3cold
Jun 14 20:15:27 archlinux kernel: pci 0000:01:00.0: [10ec:525a] type 00 class 0xff0000
Jun 14 20:15:27 archlinux kernel: pci 0000:01:00.0: reg 0x14: [mem 0xef100000-0xef100fff]
Jun 14 20:15:27 archlinux kernel: pci 0000:01:00.0: supports D1 D2
Jun 14 20:15:27 archlinux kernel: pci 0000:01:00.0: PME# supported from D1 D2 D3hot D3cold
Jun 14 20:15:27 archlinux kernel: pci 0000:00:1c.0: PCI bridge to [bus 01]
Jun 14 20:15:27 archlinux kernel: pci 0000:00:1c.0:   bridge window [mem 0xef100000-0xef1fffff]
Jun 14 20:15:27 archlinux kernel: pci 0000:02:00.0: [8086:24fd] type 00 class 0x028000
Jun 14 20:15:27 archlinux kernel: pci 0000:02:00.0: reg 0x10: [mem 0xef000000-0xef001fff 64bit]
Jun 14 20:15:27 archlinux kernel: pci 0000:02:00.0: PME# supported from D0 D3hot D3cold
Jun 14 20:15:27 archlinux kernel: pci 0000:00:1c.2: PCI bridge to [bus 02]
Jun 14 20:15:27 archlinux kernel: pci 0000:00:1c.2:   bridge window [mem 0xef000000-0xef0fffff]
Jun 14 20:15:27 archlinux kernel: ACPI: PCI Interrupt Link [LNKA] (IRQs 3 4 5 6 10 *11 12 14 15)
Jun 14 20:15:27 archlinux kernel: ACPI: PCI Interrupt Link [LNKB] (IRQs 3 4 5 6 *10 11 12 14 15)
Jun 14 20:15:27 archlinux kernel: ACPI: PCI Interrupt Link [LNKC] (IRQs 3 4 5 6 10 *11 12 14 15)
Jun 14 20:15:27 archlinux kernel: ACPI: PCI Interrupt Link [LNKD] (IRQs 3 4 5 6 10 *11 12 14 15)
Jun 14 20:15:27 archlinux kernel: ACPI: PCI Interrupt Link [LNKE] (IRQs 3 4 5 6 10 *11 12 14 15)
Jun 14 20:15:27 archlinux kernel: ACPI: PCI Interrupt Link [LNKF] (IRQs 3 4 5 6 10 *11 12 14 15)
Jun 14 20:15:27 archlinux kernel: ACPI: PCI Interrupt Link [LNKG] (IRQs 3 4 5 6 10 *11 12 14 15)
Jun 14 20:15:27 archlinux kernel: ACPI: PCI Interrupt Link [LNKH] (IRQs 3 4 5 6 10 *11 12 14 15)
Jun 14 20:15:27 archlinux kernel: ACPI: EC: interrupt unblocked
Jun 14 20:15:27 archlinux kernel: ACPI: EC: event unblocked
Jun 14 20:15:27 archlinux kernel: ACPI: EC: EC_CMD/EC_SC=0x934, EC_DATA=0x930
Jun 14 20:15:27 archlinux kernel: ACPI: EC: GPE=0x6e
Jun 14 20:15:27 archlinux kernel: ACPI: \_SB_.PCI0.LPCB.ECDV: Boot DSDT EC initialization complete
Jun 14 20:15:27 archlinux kernel: ACPI: \_SB_.PCI0.LPCB.ECDV: EC: Used to handle transactions and events
Jun 14 20:15:27 archlinux kernel: iommu: Default domain type: Translated 
Jun 14 20:15:27 archlinux kernel: pci 0000:00:02.0: vgaarb: setting as boot VGA device
Jun 14 20:15:27 archlinux kernel: pci 0000:00:02.0: vgaarb: VGA device added: decodes=io+mem,owns=io+mem,locks=none
Jun 14 20:15:27 archlinux kernel: pci 0000:00:02.0: vgaarb: bridge control possible
Jun 14 20:15:27 archlinux kernel: vgaarb: loaded
Jun 14 20:15:27 archlinux kernel: SCSI subsystem initialized
Jun 14 20:15:27 archlinux kernel: libata version 3.00 loaded.
Jun 14 20:15:27 archlinux kernel: ACPI: bus type USB registered
Jun 14 20:15:27 archlinux kernel: usbcore: registered new interface driver usbfs
Jun 14 20:15:27 archlinux kernel: usbcore: registered new interface driver hub
Jun 14 20:15:27 archlinux kernel: usbcore: registered new device driver usb
Jun 14 20:15:27 archlinux kernel: pps_core: LinuxPPS API ver. 1 registered
Jun 14 20:15:27 archlinux kernel: pps_core: Software ver. 5.3.6 - Copyright 2005-2007 Rodolfo Giometti <giometti@linux.it>
Jun 14 20:15:27 archlinux kernel: PTP clock support registered
Jun 14 20:15:27 archlinux kernel: EDAC MC: Ver: 3.0.0
Jun 14 20:15:27 archlinux kernel: Registered efivars operations
Jun 14 20:15:27 archlinux kernel: NetLabel: Initializing
Jun 14 20:15:27 archlinux kernel: NetLabel:  domain hash size = 128
Jun 14 20:15:27 archlinux kernel: NetLabel:  protocols = UNLABELED CIPSOv4 CALIPSO
Jun 14 20:15:27 archlinux kernel: NetLabel:  unlabeled traffic allowed by default
Jun 14 20:15:27 archlinux kernel: PCI: Using ACPI for IRQ routing
Jun 14 20:15:27 archlinux kernel: PCI: pci_cache_line_size set to 64 bytes
Jun 14 20:15:27 archlinux kernel: e820: reserve RAM buffer [mem 0x00058000-0x0005ffff]
Jun 14 20:15:27 archlinux kernel: e820: reserve RAM buffer [mem 0x0009e000-0x0009ffff]
Jun 14 20:15:27 archlinux kernel: e820: reserve RAM buffer [mem 0xb7c21018-0xb7ffffff]
Jun 14 20:15:27 archlinux kernel: e820: reserve RAM buffer [mem 0xb7c32018-0xb7ffffff]
Jun 14 20:15:27 archlinux kernel: e820: reserve RAM buffer [mem 0xb9f6f000-0xbbffffff]
Jun 14 20:15:27 archlinux kernel: e820: reserve RAM buffer [mem 0xc6416000-0xc7ffffff]
Jun 14 20:15:27 archlinux kernel: e820: reserve RAM buffer [mem 0xc9ec6000-0xcbffffff]
Jun 14 20:15:27 archlinux kernel: e820: reserve RAM buffer [mem 0xcb600000-0xcbffffff]
Jun 14 20:15:27 archlinux kernel: e820: reserve RAM buffer [mem 0x22e800000-0x22fffffff]
Jun 14 20:15:27 archlinux kernel: hpet0: at MMIO 0xfed00000, IRQs 2, 8, 0, 0, 0, 0, 0, 0
Jun 14 20:15:27 archlinux kernel: hpet0: 8 comparators, 64-bit 24.000000 MHz counter
Jun 14 20:15:27 archlinux kernel: clocksource: Switched to clocksource tsc-early
Jun 14 20:15:27 archlinux kernel: VFS: Disk quotas dquot_6.6.0
Jun 14 20:15:27 archlinux kernel: VFS: Dquot-cache hash table entries: 512 (order 0, 4096 bytes)
Jun 14 20:15:27 archlinux kernel: pnp: PnP ACPI init
Jun 14 20:15:27 archlinux kernel: system 00:00: [io  0x0680-0x069f] has been reserved
Jun 14 20:15:27 archlinux kernel: system 00:00: [io  0xffff] has been reserved
Jun 14 20:15:27 archlinux kernel: system 00:00: [io  0xffff] has been reserved
Jun 14 20:15:27 archlinux kernel: system 00:00: [io  0xffff] has been reserved
Jun 14 20:15:27 archlinux kernel: system 00:00: [io  0x1800-0x18fe] has been reserved
Jun 14 20:15:27 archlinux kernel: system 00:00: [io  0x164e-0x164f] has been reserved
Jun 14 20:15:27 archlinux kernel: system 00:00: Plug and Play ACPI device, IDs PNP0c02 (active)
Jun 14 20:15:27 archlinux kernel: pnp 00:01: Plug and Play ACPI device, IDs PNP0b00 (active)
Jun 14 20:15:27 archlinux kernel: system 00:02: [io  0x1854-0x1857] has been reserved
Jun 14 20:15:27 archlinux kernel: system 00:02: Plug and Play ACPI device, IDs INT3f0d PNP0c02 (active)
Jun 14 20:15:27 archlinux kernel: pnp 00:03: Plug and Play ACPI device, IDs PNP0303 (active)
Jun 14 20:15:27 archlinux kernel: system 00:04: [mem 0xfed10000-0xfed17fff] has been reserved
Jun 14 20:15:27 archlinux kernel: system 00:04: [mem 0xfed18000-0xfed18fff] has been reserved
Jun 14 20:15:27 archlinux kernel: system 00:04: [mem 0xfed19000-0xfed19fff] has been reserved
Jun 14 20:15:27 archlinux kernel: system 00:04: [mem 0xf0000000-0xf7ffffff] has been reserved
Jun 14 20:15:27 archlinux kernel: system 00:04: [mem 0xfed20000-0xfed3ffff] has been reserved
Jun 14 20:15:27 archlinux kernel: system 00:04: [mem 0xfed90000-0xfed93fff] could not be reserved
Jun 14 20:15:27 archlinux kernel: system 00:04: [mem 0xfed45000-0xfed8ffff] has been reserved
Jun 14 20:15:27 archlinux kernel: system 00:04: [mem 0xff000000-0xffffffff] has been reserved
Jun 14 20:15:27 archlinux kernel: system 00:04: [mem 0xfee00000-0xfeefffff] could not be reserved
Jun 14 20:15:27 archlinux kernel: system 00:04: [mem 0xeffe0000-0xefffffff] has been reserved
Jun 14 20:15:27 archlinux kernel: system 00:04: Plug and Play ACPI device, IDs PNP0c02 (active)
Jun 14 20:15:27 archlinux kernel: system 00:05: [mem 0xfd000000-0xfdabffff] has been reserved
Jun 14 20:15:27 archlinux kernel: system 00:05: [mem 0xfdad0000-0xfdadffff] has been reserved
Jun 14 20:15:27 archlinux kernel: system 00:05: [mem 0xfdb00000-0xfdffffff] has been reserved
Jun 14 20:15:27 archlinux kernel: system 00:05: [mem 0xfe000000-0xfe01ffff] could not be reserved
Jun 14 20:15:27 archlinux kernel: system 00:05: [mem 0xfe036000-0xfe03bfff] has been reserved
Jun 14 20:15:27 archlinux kernel: system 00:05: [mem 0xfe03d000-0xfe3fffff] has been reserved
Jun 14 20:15:27 archlinux kernel: system 00:05: [mem 0xfe410000-0xfe7fffff] has been reserved
Jun 14 20:15:27 archlinux kernel: system 00:05: Plug and Play ACPI device, IDs PNP0c02 (active)
Jun 14 20:15:27 archlinux kernel: system 00:06: [io  0xff00-0xfffe] has been reserved
Jun 14 20:15:27 archlinux kernel: system 00:06: Plug and Play ACPI device, IDs PNP0c02 (active)
Jun 14 20:15:27 archlinux kernel: system 00:07: [mem 0xfe029000-0xfe029fff] has been reserved
Jun 14 20:15:27 archlinux kernel: system 00:07: [mem 0xfdaf0000-0xfdafffff] has been reserved
Jun 14 20:15:27 archlinux kernel: system 00:07: [mem 0xfdae0000-0xfdaeffff] has been reserved
Jun 14 20:15:27 archlinux kernel: system 00:07: [mem 0xfdac0000-0xfdacffff] has been reserved
Jun 14 20:15:27 archlinux kernel: system 00:07: Plug and Play ACPI device, IDs PNP0c02 (active)
Jun 14 20:15:27 archlinux kernel: pnp: PnP ACPI: found 8 devices
Jun 14 20:15:27 archlinux kernel: clocksource: acpi_pm: mask: 0xffffff max_cycles: 0xffffff, max_idle_ns: 2085701024 ns
Jun 14 20:15:27 archlinux kernel: NET: Registered protocol family 2
Jun 14 20:15:27 archlinux kernel: IP idents hash table entries: 131072 (order: 8, 1048576 bytes, linear)
Jun 14 20:15:27 archlinux kernel: tcp_listen_portaddr_hash hash table entries: 4096 (order: 4, 65536 bytes, linear)
Jun 14 20:15:27 archlinux kernel: TCP established hash table entries: 65536 (order: 7, 524288 bytes, linear)
Jun 14 20:15:27 archlinux kernel: TCP bind hash table entries: 65536 (order: 8, 1048576 bytes, linear)
Jun 14 20:15:27 archlinux kernel: TCP: Hash tables configured (established 65536 bind 65536)
Jun 14 20:15:27 archlinux kernel: MPTCP token hash table entries: 8192 (order: 5, 196608 bytes, linear)
Jun 14 20:15:27 archlinux kernel: UDP hash table entries: 4096 (order: 5, 131072 bytes, linear)
Jun 14 20:15:27 archlinux kernel: UDP-Lite hash table entries: 4096 (order: 5, 131072 bytes, linear)
Jun 14 20:15:27 archlinux kernel: NET: Registered protocol family 1
Jun 14 20:15:27 archlinux kernel: NET: Registered protocol family 44
Jun 14 20:15:27 archlinux kernel: pci 0000:00:1c.0: PCI bridge to [bus 01]
Jun 14 20:15:27 archlinux kernel: pci 0000:00:1c.0:   bridge window [mem 0xef100000-0xef1fffff]
Jun 14 20:15:27 archlinux kernel: pci 0000:00:1c.2: PCI bridge to [bus 02]
Jun 14 20:15:27 archlinux kernel: pci 0000:00:1c.2:   bridge window [mem 0xef000000-0xef0fffff]
Jun 14 20:15:27 archlinux kernel: pci_bus 0000:00: resource 4 [io  0x0000-0x0cf7 window]
Jun 14 20:15:27 archlinux kernel: pci_bus 0000:00: resource 5 [io  0x0d00-0xffff window]
Jun 14 20:15:27 archlinux kernel: pci_bus 0000:00: resource 6 [mem 0x000a0000-0x000bffff window]
Jun 14 20:15:27 archlinux kernel: pci_bus 0000:00: resource 7 [mem 0x000c0000-0x000c3fff window]
Jun 14 20:15:27 archlinux kernel: pci_bus 0000:00: resource 8 [mem 0x000c4000-0x000c7fff window]
Jun 14 20:15:27 archlinux kernel: pci_bus 0000:00: resource 9 [mem 0x000c8000-0x000cbfff window]
Jun 14 20:15:27 archlinux kernel: pci_bus 0000:00: resource 10 [mem 0x000cc000-0x000cffff window]
Jun 14 20:15:27 archlinux kernel: pci_bus 0000:00: resource 11 [mem 0x000d0000-0x000d3fff window]
Jun 14 20:15:27 archlinux kernel: pci_bus 0000:00: resource 12 [mem 0x000d4000-0x000d7fff window]
Jun 14 20:15:27 archlinux kernel: pci_bus 0000:00: resource 13 [mem 0x000d8000-0x000dbfff window]
Jun 14 20:15:27 archlinux kernel: pci_bus 0000:00: resource 14 [mem 0x000dc000-0x000dffff window]
Jun 14 20:15:27 archlinux kernel: pci_bus 0000:00: resource 15 [mem 0xcf800000-0xefffffff window]
Jun 14 20:15:27 archlinux kernel: pci_bus 0000:00: resource 16 [mem 0xfd000000-0xfe7fffff window]
Jun 14 20:15:27 archlinux kernel: pci_bus 0000:01: resource 1 [mem 0xef100000-0xef1fffff]
Jun 14 20:15:27 archlinux kernel: pci_bus 0000:02: resource 1 [mem 0xef000000-0xef0fffff]
Jun 14 20:15:27 archlinux kernel: pci 0000:00:02.0: Video device with shadowed ROM at [mem 0x000c0000-0x000dffff]
Jun 14 20:15:27 archlinux kernel: PCI: CLS 0 bytes, default 64
Jun 14 20:15:27 archlinux kernel: Trying to unpack rootfs image as initramfs...
Jun 14 20:15:27 archlinux kernel: Freeing initrd memory: 18164K
Jun 14 20:15:27 archlinux kernel: DMAR: ACPI device "device:6a" under DMAR at fed91000 as 00:15.0
Jun 14 20:15:27 archlinux kernel: DMAR: ACPI device "device:6b" under DMAR at fed91000 as 00:15.1
Jun 14 20:15:27 archlinux kernel: DMAR: ACPI device "device:6c" under DMAR at fed91000 as 00:15.2
Jun 14 20:15:27 archlinux kernel: DMAR: ACPI device "device:6d" under DMAR at fed91000 as 00:15.3
Jun 14 20:15:27 archlinux kernel: PCI-DMA: Using software bounce buffering for IO (SWIOTLB)
Jun 14 20:15:27 archlinux kernel: software IO TLB: mapped [mem 0x00000000c222e000-0x00000000c622e000] (64MB)
Jun 14 20:15:27 archlinux kernel: check: Scanning for low memory corruption every 60 seconds
Jun 14 20:15:27 archlinux kernel: Initialise system trusted keyrings
Jun 14 20:15:27 archlinux kernel: Key type blacklist registered
Jun 14 20:15:27 archlinux kernel: workingset: timestamp_bits=41 max_order=21 bucket_order=0
Jun 14 20:15:27 archlinux kernel: zbud: loaded
Jun 14 20:15:27 archlinux kernel: Key type asymmetric registered
Jun 14 20:15:27 archlinux kernel: Asymmetric key parser 'x509' registered
Jun 14 20:15:27 archlinux kernel: Block layer SCSI generic (bsg) driver version 0.4 loaded (major 243)
Jun 14 20:15:27 archlinux kernel: io scheduler mq-deadline registered
Jun 14 20:15:27 archlinux kernel: io scheduler kyber registered
Jun 14 20:15:27 archlinux kernel: io scheduler bfq registered
Jun 14 20:15:27 archlinux kernel: pcieport 0000:00:1c.0: PME: Signaling with IRQ 122
Jun 14 20:15:27 archlinux kernel: pcieport 0000:00:1c.0: AER: enabled with IRQ 122
Jun 14 20:15:27 archlinux kernel: pcieport 0000:00:1c.2: PME: Signaling with IRQ 123
Jun 14 20:15:27 archlinux kernel: pcieport 0000:00:1c.2: AER: enabled with IRQ 123
Jun 14 20:15:27 archlinux kernel: shpchp: Standard Hot Plug PCI Controller Driver version: 0.4
Jun 14 20:15:27 archlinux kernel: efifb: probing for efifb
Jun 14 20:15:27 archlinux kernel: efifb: framebuffer at 0xd0000000, using 4128k, total 4128k
Jun 14 20:15:27 archlinux kernel: efifb: mode is 1366x768x32, linelength=5504, pages=1
Jun 14 20:15:27 archlinux kernel: efifb: scrolling: redraw
Jun 14 20:15:27 archlinux kernel: efifb: Truecolor: size=8:8:8:8, shift=24:16:8:0
Jun 14 20:15:27 archlinux kernel: fbcon: Deferring console take-over
Jun 14 20:15:27 archlinux kernel: fb0: EFI VGA frame buffer device
Jun 14 20:15:27 archlinux kernel: ACPI: AC: AC Adapter [AC] (on-line)
Jun 14 20:15:27 archlinux kernel: input: Lid Switch as /devices/LNXSYSTM:00/LNXSYBUS:00/PNP0C0D:00/input/input0
Jun 14 20:15:27 archlinux kernel: ACPI: button: Lid Switch [LID0]
Jun 14 20:15:27 archlinux kernel: input: Power Button as /devices/LNXSYSTM:00/LNXSYBUS:00/PNP0C0C:00/input/input1
Jun 14 20:15:27 archlinux kernel: ACPI: button: Power Button [PBTN]
Jun 14 20:15:27 archlinux kernel: input: Sleep Button as /devices/LNXSYSTM:00/LNXSYBUS:00/PNP0C0E:00/input/input2
Jun 14 20:15:27 archlinux kernel: ACPI: button: Sleep Button [SBTN]
Jun 14 20:15:27 archlinux kernel: input: Power Button as /devices/LNXSYSTM:00/LNXPWRBN:00/input/input3
Jun 14 20:15:27 archlinux kernel: ACPI: button: Power Button [PWRF]
Jun 14 20:15:27 archlinux kernel: ACPI BIOS Error (bug): Could not resolve symbol [\_PR.PR00._CPC], AE_NOT_FOUND (20210105/psargs-330)
Jun 14 20:15:27 archlinux kernel: fbcon: Taking over console
Jun 14 20:15:27 archlinux kernel: ACPI Error: Aborting method \_PR.PR01._CPC due to previous error (AE_NOT_FOUND) (20210105/psparse-529)
Jun 14 20:15:27 archlinux kernel: ACPI BIOS Error (bug): Could not resolve symbol [\_PR.PR00._CPC], AE_NOT_FOUND (20210105/psargs-330)
Jun 14 20:15:27 archlinux kernel: ACPI Error: Aborting method \_PR.PR02._CPC due to previous error (AE_NOT_FOUND) (20210105/psparse-529)
Jun 14 20:15:27 archlinux kernel: ACPI BIOS Error (bug): Could not resolve symbol [\_PR.PR00._CPC], AE_NOT_FOUND (20210105/psargs-330)
Jun 14 20:15:27 archlinux kernel: ACPI Error: Aborting method \_PR.PR03._CPC due to previous error (AE_NOT_FOUND) (20210105/psparse-529)
Jun 14 20:15:27 archlinux kernel: ACPI BIOS Error (bug): Could not resolve symbol [\_PR.PR00._CPC], AE_NOT_FOUND (20210105/psargs-330)
Jun 14 20:15:27 archlinux kernel: ACPI Error: Aborting method \_PR.PR04._CPC due to previous error (AE_NOT_FOUND) (20210105/psparse-529)
Jun 14 20:15:27 archlinux kernel: ACPI BIOS Error (bug): Could not resolve symbol [\_PR.PR00._CPC], AE_NOT_FOUND (20210105/psargs-330)
Jun 14 20:15:27 archlinux kernel: ACPI Error: Aborting method \_PR.PR05._CPC due to previous error (AE_NOT_FOUND) (20210105/psparse-529)
Jun 14 20:15:27 archlinux kernel: ACPI BIOS Error (bug): Could not resolve symbol [\_PR.PR00._CPC], AE_NOT_FOUND (20210105/psargs-330)
Jun 14 20:15:27 archlinux kernel: ACPI Error: Aborting method \_PR.PR06._CPC due to previous error (AE_NOT_FOUND) (20210105/psparse-529)
Jun 14 20:15:27 archlinux kernel: ACPI BIOS Error (bug): Could not resolve symbol [\_PR.PR00._CPC], AE_NOT_FOUND (20210105/psargs-330)
Jun 14 20:15:27 archlinux kernel: ACPI Error: Aborting method \_PR.PR07._CPC due to previous error (AE_NOT_FOUND) (20210105/psparse-529)
Jun 14 20:15:27 archlinux kernel: Console: switching to colour frame buffer device 170x48
Jun 14 20:15:27 archlinux kernel: thermal LNXTHERM:00: registered as thermal_zone0
Jun 14 20:15:27 archlinux kernel: ACPI: thermal: Thermal Zone [THM] (25 C)
Jun 14 20:15:27 archlinux kernel: Serial: 8250/16550 driver, 32 ports, IRQ sharing enabled
Jun 14 20:15:27 archlinux kernel: Non-volatile memory driver v1.3
Jun 14 20:15:27 archlinux kernel: AMD-Vi: AMD IOMMUv2 driver by Joerg Roedel <jroedel@suse.de>
Jun 14 20:15:27 archlinux kernel: AMD-Vi: AMD IOMMUv2 functionality not available on this system
Jun 14 20:15:27 archlinux kernel: ahci 0000:00:17.0: version 3.0
Jun 14 20:15:27 archlinux kernel: ahci 0000:00:17.0: AHCI 0001.0301 32 slots 1 ports 6 Gbps 0x4 impl RAID mode
Jun 14 20:15:27 archlinux kernel: ahci 0000:00:17.0: flags: 64bit ncq pm led clo only pio slum part deso sadm sds apst 
Jun 14 20:15:27 archlinux kernel: scsi host0: ahci
Jun 14 20:15:27 archlinux kernel: scsi host1: ahci
Jun 14 20:15:27 archlinux kernel: scsi host2: ahci
Jun 14 20:15:27 archlinux kernel: ata1: DUMMY
Jun 14 20:15:27 archlinux kernel: ata2: DUMMY
Jun 14 20:15:27 archlinux kernel: ata3: SATA max UDMA/133 abar m2048@0xef253000 port 0xef253200 irq 124
Jun 14 20:15:27 archlinux kernel: ehci_hcd: USB 2.0 'Enhanced' Host Controller (EHCI) Driver
Jun 14 20:15:27 archlinux kernel: ehci-pci: EHCI PCI platform driver
Jun 14 20:15:27 archlinux kernel: ohci_hcd: USB 1.1 'Open' Host Controller (OHCI) Driver
Jun 14 20:15:27 archlinux kernel: ohci-pci: OHCI PCI platform driver
Jun 14 20:15:27 archlinux kernel: uhci_hcd: USB Universal Host Controller Interface driver
Jun 14 20:15:27 archlinux kernel: usbcore: registered new interface driver usbserial_generic
Jun 14 20:15:27 archlinux kernel: usbserial: USB Serial support registered for generic
Jun 14 20:15:27 archlinux kernel: rtc_cmos 00:01: RTC can wake from S4
Jun 14 20:15:27 archlinux kernel: rtc_cmos 00:01: registered as rtc0
Jun 14 20:15:27 archlinux kernel: rtc_cmos 00:01: setting system clock to 2021-06-14T10:15:26 UTC (1623665726)
Jun 14 20:15:27 archlinux kernel: rtc_cmos 00:01: alarms up to one month, y3k, 242 bytes nvram, hpet irqs
Jun 14 20:15:27 archlinux kernel: intel_pstate: Intel P-state driver initializing
Jun 14 20:15:27 archlinux kernel: intel_pstate: HWP enabled
Jun 14 20:15:27 archlinux kernel: ledtrig-cpu: registered to indicate activity on CPUs
Jun 14 20:15:27 archlinux kernel: hid: raw HID events driver (C) Jiri Kosina
Jun 14 20:15:27 archlinux kernel: intel_pmc_core INT33A1:00:  initialized
Jun 14 20:15:27 archlinux kernel: drop_monitor: Initializing network drop monitor service
Jun 14 20:15:27 archlinux kernel: Initializing XFRM netlink socket
Jun 14 20:15:27 archlinux kernel: NET: Registered protocol family 10
Jun 14 20:15:27 archlinux kernel: Segment Routing with IPv6
Jun 14 20:15:27 archlinux kernel: RPL Segment Routing with IPv6
Jun 14 20:15:27 archlinux kernel: NET: Registered protocol family 17
Jun 14 20:15:27 archlinux kernel: microcode: sig=0x806ea, pf=0x80, revision=0xea
Jun 14 20:15:27 archlinux kernel: microcode: Microcode Update Driver: v2.2.
Jun 14 20:15:27 archlinux kernel: IPI shorthand broadcast: enabled
Jun 14 20:15:27 archlinux kernel: sched_clock: Marking stable (624517790, 888866)->(634552816, -9146160)
Jun 14 20:15:27 archlinux kernel: registered taskstats version 1
Jun 14 20:15:27 archlinux kernel: Loading compiled-in X.509 certificates
Jun 14 20:15:27 archlinux kernel: random: fast init done
Jun 14 20:15:27 archlinux kernel: Loaded X.509 cert 'Build time autogenerated kernel key: ea0ee805a2c6c86d455253c0652fc214f025a1e6'
Jun 14 20:15:27 archlinux kernel: zswap: loaded using pool lz4/z3fold
Jun 14 20:15:27 archlinux kernel: Key type ._fscrypt registered
Jun 14 20:15:27 archlinux kernel: Key type .fscrypt registered
Jun 14 20:15:27 archlinux kernel: Key type fscrypt-provisioning registered
Jun 14 20:15:27 archlinux kernel: PM:   Magic number: 9:829:274
Jun 14 20:15:27 archlinux kernel: tty tty11: hash matches
Jun 14 20:15:27 archlinux kernel: RAS: Correctable Errors collector initialized.
Jun 14 20:15:27 archlinux kernel: ACPI: battery: Slot [BAT0] (battery present)
Jun 14 20:15:27 archlinux kernel: ata3: SATA link up 6.0 Gbps (SStatus 133 SControl 300)
Jun 14 20:15:27 archlinux kernel: ata3.00: ACPI cmd ef/10:06:00:00:00:00 (SET FEATURES) succeeded
Jun 14 20:15:27 archlinux kernel: ata3.00: ACPI cmd f5/00:00:00:00:00:00 (SECURITY FREEZE LOCK) filtered out
Jun 14 20:15:27 archlinux kernel: ata3.00: ACPI cmd b1/c1:00:00:00:00:00 (DEVICE CONFIGURATION OVERLAY) filtered out
Jun 14 20:15:27 archlinux kernel: ata3.00: ATA-10: INTEL SSDSCKKF256G8 SATA 256GB,  LHFD03N, max UDMA/133
Jun 14 20:15:27 archlinux kernel: ata3.00: 500118192 sectors, multi 16: LBA48 NCQ (depth 32), AA
Jun 14 20:15:27 archlinux kernel: ata3.00: ACPI cmd ef/10:06:00:00:00:00 (SET FEATURES) succeeded
Jun 14 20:15:27 archlinux kernel: ata3.00: ACPI cmd f5/00:00:00:00:00:00 (SECURITY FREEZE LOCK) filtered out
Jun 14 20:15:27 archlinux kernel: ata3.00: ACPI cmd b1/c1:00:00:00:00:00 (DEVICE CONFIGURATION OVERLAY) filtered out
Jun 14 20:15:27 archlinux kernel: ata3.00: configured for UDMA/133
Jun 14 20:15:27 archlinux kernel: scsi 2:0:0:0: Direct-Access     ATA      INTEL SSDSCKKF25 D03N PQ: 0 ANSI: 5
Jun 14 20:15:27 archlinux kernel: ata3.00: Enabling discard_zeroes_data
Jun 14 20:15:27 archlinux kernel: sd 2:0:0:0: [sda] 500118192 512-byte logical blocks: (256 GB/238 GiB)
Jun 14 20:15:27 archlinux kernel: sd 2:0:0:0: [sda] Write Protect is off
Jun 14 20:15:27 archlinux kernel: sd 2:0:0:0: [sda] Mode Sense: 00 3a 00 00
Jun 14 20:15:27 archlinux kernel: sd 2:0:0:0: [sda] Write cache: enabled, read cache: enabled, doesn't support DPO or FUA
Jun 14 20:15:27 archlinux kernel:  sda: sda1 sda2 sda3
Jun 14 20:15:27 archlinux kernel: ata3.00: Enabling discard_zeroes_data
Jun 14 20:15:27 archlinux kernel: sd 2:0:0:0: [sda] Attached SCSI disk
Jun 14 20:15:27 archlinux kernel: Freeing unused decrypted memory: 2036K
Jun 14 20:15:27 archlinux kernel: Freeing unused kernel image (initmem) memory: 1652K
Jun 14 20:15:27 archlinux kernel: Write protecting the kernel read-only data: 26624k
Jun 14 20:15:27 archlinux kernel: Freeing unused kernel image (text/rodata gap) memory: 2036K
Jun 14 20:15:27 archlinux kernel: Freeing unused kernel image (rodata/data gap) memory: 1252K
Jun 14 20:15:27 archlinux kernel: x86/mm: Checked W+X mappings: passed, no W+X pages found.
Jun 14 20:15:27 archlinux kernel: rodata_test: all tests were successful
Jun 14 20:15:27 archlinux kernel: x86/mm: Checking user space page tables
Jun 14 20:15:27 archlinux kernel: x86/mm: Checked W+X mappings: passed, no W+X pages found.
Jun 14 20:15:27 archlinux kernel: Run /init as init process
Jun 14 20:15:27 archlinux kernel:   with arguments:
Jun 14 20:15:27 archlinux kernel:     /init
Jun 14 20:15:27 archlinux kernel:   with environment:
Jun 14 20:15:27 archlinux kernel:     HOME=/
Jun 14 20:15:27 archlinux kernel:     TERM=linux
Jun 14 20:15:27 archlinux kernel: random: crng init done
Jun 14 20:15:27 archlinux systemd[1]: Successfully credited entropy passed from boot loader.
Jun 14 20:15:27 archlinux systemd[1]: systemd 248.3-2-arch running in system mode. (+PAM +AUDIT -SELINUX -APPARMOR -IMA +SMACK +SECCOMP +GCRYPT +GNUTLS +OPENSSL +ACL +BLKID +CURL +ELFUTILS +FIDO2 +IDN2 -IDN +IPTC +KMOD +LIBCRYPTSETUP +LIBFDISK +PCRE2 -PWQUALITY +P11KIT -QRENCODE +BZIP2 +LZ4 +XZ +ZLIB +ZSTD +XKBCOMMON +UTMP -SYSVINIT default-hierarchy=unified)
Jun 14 20:15:27 archlinux systemd[1]: Detected architecture x86-64.
Jun 14 20:15:27 archlinux systemd[1]: Running in initial RAM disk.
Jun 14 20:15:27 archlinux systemd[1]: Initializing machine ID from random generator.
Jun 14 20:15:27 archlinux systemd[1]: Queued start job for default target Initrd Default Target.
Jun 14 20:15:27 archlinux systemd[1]: Created slice system-systemd\x2dcryptsetup.slice.
Jun 14 20:15:27 archlinux systemd[1]: Started Dispatch Password Requests to Console Directory Watch.
Jun 14 20:15:27 archlinux systemd[1]: Reached target Local File Systems.
Jun 14 20:15:27 archlinux systemd[1]: Reached target Paths.
Jun 14 20:15:27 archlinux systemd[1]: Reached target Slices.
Jun 14 20:15:27 archlinux systemd[1]: Reached target Swap.
Jun 14 20:15:27 archlinux systemd[1]: Reached target Timers.
Jun 14 20:15:27 archlinux systemd[1]: Listening on Journal Audit Socket.
Jun 14 20:15:27 archlinux systemd[1]: Listening on Journal Socket (/dev/log).
Jun 14 20:15:27 archlinux systemd[1]: Listening on Journal Socket.
Jun 14 20:15:27 archlinux systemd[1]: Listening on udev Control Socket.
Jun 14 20:15:27 archlinux systemd[1]: Listening on udev Kernel Socket.
Jun 14 20:15:27 archlinux systemd[1]: Reached target Sockets.
Jun 14 20:15:27 archlinux systemd[1]: Starting Create list of static device nodes for the current kernel...
Jun 14 20:15:27 archlinux systemd[1]: Starting Journal Service...
Jun 14 20:15:27 archlinux systemd[1]: Starting Load Kernel Modules...
Jun 14 20:15:27 archlinux systemd[1]: Starting Coldplug All udev Devices...
Jun 14 20:15:27 archlinux systemd[1]: Finished Create list of static device nodes for the current kernel.
Jun 14 20:15:27 archlinux systemd[1]: Starting Create Static Device Nodes in /dev...
Jun 14 20:15:27 archlinux systemd[1]: Finished Load Kernel Modules.
Jun 14 20:15:27 archlinux kernel: audit: type=1130 audit(1623665727.029:2): pid=1 uid=0 auid=4294967295 ses=4294967295 msg='unit=systemd-modules-load comm="systemd" exe="/init" hostname=? addr=? terminal=? res=success'
Jun 14 20:15:27 archlinux systemd[1]: Finished Create Static Device Nodes in /dev.
Jun 14 20:15:27 archlinux kernel: audit: type=1130 audit(1623665727.029:3): pid=1 uid=0 auid=4294967295 ses=4294967295 msg='unit=systemd-tmpfiles-setup-dev comm="systemd" exe="/init" hostname=? addr=? terminal=? res=success'
Jun 14 20:15:27 archlinux kernel: audit: type=1334 audit(1623665727.029:4): prog-id=6 op=LOAD
Jun 14 20:15:27 archlinux kernel: audit: type=1334 audit(1623665727.033:5): prog-id=7 op=LOAD
Jun 14 20:15:27 archlinux kernel: audit: type=1334 audit(1623665727.033:6): prog-id=8 op=LOAD
Jun 14 20:15:27 archlinux systemd[1]: Starting Rule-based Manager for Device Events and Files...
Jun 14 20:15:27 archlinux systemd[1]: Started Rule-based Manager for Device Events and Files.
Jun 14 20:15:27 archlinux kernel: audit: type=1130 audit(1623665727.043:7): pid=1 uid=0 auid=4294967295 ses=4294967295 msg='unit=systemd-udevd comm="systemd" exe="/init" hostname=? addr=? terminal=? res=success'
Jun 14 20:15:27 archlinux systemd-journald[161]: Journal started
Jun 14 20:15:27 archlinux systemd-journald[161]: Runtime Journal (/run/log/journal/008f928f421b449a9f8fd2674fd9d974) is 8.0M, max 156.6M, 148.6M free.
Jun 14 20:15:27 archlinux audit[1]: SERVICE_START pid=1 uid=0 auid=4294967295 ses=4294967295 msg='unit=systemd-modules-load comm="systemd" exe="/init" hostname=? addr=? terminal=? res=success'
Jun 14 20:15:27 archlinux audit[1]: SERVICE_START pid=1 uid=0 auid=4294967295 ses=4294967295 msg='unit=systemd-tmpfiles-setup-dev comm="systemd" exe="/init" hostname=? addr=? terminal=? res=success'
Jun 14 20:15:27 archlinux audit: BPF prog-id=6 op=LOAD
Jun 14 20:15:27 archlinux audit: BPF prog-id=7 op=LOAD
Jun 14 20:15:27 archlinux audit: BPF prog-id=8 op=LOAD
Jun 14 20:15:27 archlinux audit[1]: SERVICE_START pid=1 uid=0 auid=4294967295 ses=4294967295 msg='unit=systemd-udevd comm="systemd" exe="/init" hostname=? addr=? terminal=? res=success'
Jun 14 20:15:27 archlinux systemd[1]: Started Journal Service.
Jun 14 20:15:27 archlinux audit[1]: SERVICE_START pid=1 uid=0 auid=4294967295 ses=4294967295 msg='unit=systemd-journald comm="systemd" exe="/init" hostname=? addr=? terminal=? res=success'
Jun 14 20:15:27 archlinux kernel: audit: type=1130 audit(1623665727.063:8): pid=1 uid=0 auid=4294967295 ses=4294967295 msg='unit=systemd-journald comm="systemd" exe="/init" hostname=? addr=? terminal=? res=success'
Jun 14 20:15:27 archlinux kernel: i8042: PNP: PS/2 Controller [PNP0303:PS2K] at 0x60,0x64 irq 1
Jun 14 20:15:27 archlinux kernel: i8042: PNP: PS/2 appears to have AUX port disabled, if this is incorrect please boot with i8042.nopnp
Jun 14 20:15:27 archlinux kernel: i8042: Warning: Keylock active
Jun 14 20:15:27 archlinux kernel: serio: i8042 KBD port at 0x60,0x64 irq 1
Jun 14 20:15:27 archlinux systemd[1]: Finished Coldplug All udev Devices.
Jun 14 20:15:27 archlinux audit[1]: SERVICE_START pid=1 uid=0 auid=4294967295 ses=4294967295 msg='unit=systemd-udev-trigger comm="systemd" exe="/init" hostname=? addr=? terminal=? res=success'
Jun 14 20:15:27 archlinux kernel: audit: type=1130 audit(1623665727.103:9): pid=1 uid=0 auid=4294967295 ses=4294967295 msg='unit=systemd-udev-trigger comm="systemd" exe="/init" hostname=? addr=? terminal=? res=success'
Jun 14 20:15:27 archlinux kernel: xhci_hcd 0000:00:14.0: xHCI Host Controller
Jun 14 20:15:27 archlinux kernel: xhci_hcd 0000:00:14.0: new USB bus registered, assigned bus number 1
Jun 14 20:15:27 archlinux kernel: xhci_hcd 0000:00:14.0: hcc params 0x200077c1 hci version 0x100 quirks 0x0000000081109810
Jun 14 20:15:27 archlinux kernel: rtsx_pci 0000:01:00.0: enabling device (0000 -> 0002)
Jun 14 20:15:27 archlinux kernel: usb usb1: New USB device found, idVendor=1d6b, idProduct=0002, bcdDevice= 5.12
Jun 14 20:15:27 archlinux kernel: usb usb1: New USB device strings: Mfr=3, Product=2, SerialNumber=1
Jun 14 20:15:27 archlinux kernel: usb usb1: Product: xHCI Host Controller
Jun 14 20:15:27 archlinux kernel: usb usb1: Manufacturer: Linux 5.12.10-arch1-1 xhci-hcd
Jun 14 20:15:27 archlinux kernel: usb usb1: SerialNumber: 0000:00:14.0
Jun 14 20:15:27 archlinux kernel: hub 1-0:1.0: USB hub found
Jun 14 20:15:27 archlinux kernel: hub 1-0:1.0: 12 ports detected
Jun 14 20:15:27 archlinux kernel: xhci_hcd 0000:00:14.0: xHCI Host Controller
Jun 14 20:15:27 archlinux kernel: xhci_hcd 0000:00:14.0: new USB bus registered, assigned bus number 2
Jun 14 20:15:27 archlinux kernel: xhci_hcd 0000:00:14.0: Host supports USB 3.0 SuperSpeed
Jun 14 20:15:27 archlinux kernel: usb usb2: New USB device found, idVendor=1d6b, idProduct=0003, bcdDevice= 5.12
Jun 14 20:15:27 archlinux kernel: usb usb2: New USB device strings: Mfr=3, Product=2, SerialNumber=1
Jun 14 20:15:27 archlinux kernel: usb usb2: Product: xHCI Host Controller
Jun 14 20:15:27 archlinux kernel: usb usb2: Manufacturer: Linux 5.12.10-arch1-1 xhci-hcd
Jun 14 20:15:27 archlinux kernel: usb usb2: SerialNumber: 0000:00:14.0
Jun 14 20:15:27 archlinux kernel: hub 2-0:1.0: USB hub found
Jun 14 20:15:27 archlinux kernel: hub 2-0:1.0: 6 ports detected
Jun 14 20:15:27 archlinux kernel: usb: port power management may be unreliable
Jun 14 20:15:27 archlinux kernel: cryptd: max_cpu_qlen set to 1000
Jun 14 20:15:27 archlinux kernel: rtsx_pci 0000:01:00.0: Unbalanced pm_runtime_enable!
Jun 14 20:15:27 archlinux kernel: AVX2 version of gcm_enc/dec engaged.
Jun 14 20:15:27 archlinux kernel: AES CTR mode by8 optimization enabled
Jun 14 20:15:27 archlinux kernel: input: AT Translated Set 2 keyboard as /devices/platform/i8042/serio0/input/input4
Jun 14 20:15:27 archlinux systemd[1]: Found device INTEL_SSDSCKKF256G8_SATA_256GB Linux\x20filesystem.
Jun 14 20:15:27 archlinux systemd[1]: Starting Cryptography Setup for cryptroot...
Jun 14 20:15:27 archlinux kernel: device-mapper: uevent: version 1.0.3
Jun 14 20:15:27 archlinux kernel: device-mapper: ioctl: 4.44.0-ioctl (2021-02-01) initialised: dm-devel@redhat.com
Jun 14 20:15:27 archlinux systemd[1]: Started Dispatch Password Requests to Console.
Jun 14 20:15:27 archlinux audit[1]: SERVICE_START pid=1 uid=0 auid=4294967295 ses=4294967295 msg='unit=systemd-ask-password-console comm="systemd" exe="/init" hostname=? addr=? terminal=? res=success'
Jun 14 20:15:27 archlinux kernel: audit: type=1130 audit(1623665727.183:10): pid=1 uid=0 auid=4294967295 ses=4294967295 msg='unit=systemd-ask-password-console comm="systemd" exe="/init" hostname=? addr=? terminal=? res=success'
Jun 14 20:15:27 archlinux kernel: usb 1-5: new high-speed USB device number 2 using xhci_hcd
Jun 14 20:15:27 archlinux kernel: tsc: Refined TSC clocksource calibration: 1799.998 MHz
Jun 14 20:15:27 archlinux kernel: clocksource: tsc: mask: 0xffffffffffffffff max_cycles: 0x19f227af07c, max_idle_ns: 440795246167 ns
Jun 14 20:15:27 archlinux kernel: clocksource: Switched to clocksource tsc
Jun 14 20:15:27 archlinux kernel: mmc0: cannot verify signal voltage switch
Jun 14 20:15:27 archlinux kernel: usb 1-5: New USB device found, idVendor=0bda, idProduct=568c, bcdDevice=60.53
Jun 14 20:15:27 archlinux kernel: usb 1-5: New USB device strings: Mfr=3, Product=1, SerialNumber=2
Jun 14 20:15:27 archlinux kernel: usb 1-5: Product: Integrated_Webcam_HD
Jun 14 20:15:27 archlinux kernel: usb 1-5: Manufacturer: CNFGH16N516400130DC2
Jun 14 20:15:27 archlinux kernel: usb 1-5: SerialNumber: 200901010001
Jun 14 20:15:27 archlinux kernel: mmc0: new ultra high speed SDR104 SDHC card at address 0007
Jun 14 20:15:27 archlinux kernel: mmcblk0: mmc0:0007 SD32G 29.0 GiB 
Jun 14 20:15:27 archlinux kernel: usb 1-7: new full-speed USB device number 3 using xhci_hcd
Jun 14 20:15:27 archlinux kernel:  mmcblk0: p1
Jun 14 20:15:27 archlinux kernel: usb 1-7: New USB device found, idVendor=8087, idProduct=0a2b, bcdDevice= 0.10
Jun 14 20:15:27 archlinux kernel: usb 1-7: New USB device strings: Mfr=0, Product=0, SerialNumber=0
Jun 14 20:26:46 archlinux systemd-cryptsetup[218]: Set cipher aes, mode xts-plain64, key size 512 bits for device /dev/disk/by-uuid/7634291b-1e1e-427f-8fdc-7f17ba7cc52a.
Jun 14 20:26:48 archlinux kernel: Key type encrypted registered
Jun 14 20:26:48 archlinux systemd[1]: Found device /dev/mapper/cryptroot.
Jun 14 20:26:48 archlinux systemd[1]: Reached target Initrd Root Device.
Jun 14 20:26:48 archlinux systemd[1]: Starting File System Check on /dev/mapper/cryptroot...
Jun 14 20:26:48 archlinux systemd[1]: Finished Cryptography Setup for cryptroot.
Jun 14 20:26:48 archlinux audit[1]: SERVICE_START pid=1 uid=0 auid=4294967295 ses=4294967295 msg='unit=systemd-cryptsetup@cryptroot comm="systemd" exe="/init" hostname=? addr=? terminal=? res=success'
Jun 14 20:26:48 archlinux systemd[1]: Reached target Local Encrypted Volumes.
Jun 14 20:26:48 archlinux systemd[1]: Reached target System Initialization.
Jun 14 20:26:48 archlinux kernel: audit: type=1130 audit(1623666408.764:11): pid=1 uid=0 auid=4294967295 ses=4294967295 msg='unit=systemd-cryptsetup@cryptroot comm="systemd" exe="/init" hostname=? addr=? terminal=? res=success'
Jun 14 20:26:48 archlinux systemd[1]: Reached target Basic System.
Jun 14 20:26:48 archlinux systemd-fsck[318]: /dev/mapper/cryptroot: recovering journal
Jun 14 20:26:49 archlinux systemd-fsck[318]: /dev/mapper/cryptroot: clean, 125951/14942208 files, 19117131/59760977 blocks
Jun 14 20:26:49 archlinux systemd[1]: Finished File System Check on /dev/mapper/cryptroot.
Jun 14 20:26:49 archlinux audit[1]: SERVICE_START pid=1 uid=0 auid=4294967295 ses=4294967295 msg='unit=systemd-fsck-root comm="systemd" exe="/init" hostname=? addr=? terminal=? res=success'
Jun 14 20:26:49 archlinux systemd[1]: Mounting /sysroot...
Jun 14 20:26:49 archlinux kernel: audit: type=1130 audit(1623666409.647:12): pid=1 uid=0 auid=4294967295 ses=4294967295 msg='unit=systemd-fsck-root comm="systemd" exe="/init" hostname=? addr=? terminal=? res=success'
Jun 14 20:26:49 archlinux kernel: EXT4-fs (dm-0): mounted filesystem with ordered data mode. Opts: (null). Quota mode: none.
Jun 14 20:26:49 archlinux systemd[1]: Mounted /sysroot.
Jun 14 20:26:49 archlinux systemd[1]: Reached target Initrd Root File System.
Jun 14 20:26:49 archlinux systemd[1]: Starting Reload Configuration from the Real Root...
Jun 14 20:26:49 archlinux systemd[1]: Reloading.
Jun 14 20:26:49 archlinux audit: BPF prog-id=8 op=UNLOAD
Jun 14 20:26:49 archlinux audit: BPF prog-id=7 op=UNLOAD
Jun 14 20:26:49 archlinux audit: BPF prog-id=6 op=UNLOAD
Jun 14 20:26:49 archlinux audit: BPF prog-id=5 op=UNLOAD
Jun 14 20:26:49 archlinux audit: BPF prog-id=4 op=UNLOAD
Jun 14 20:26:49 archlinux audit: BPF prog-id=3 op=UNLOAD
Jun 14 20:26:49 archlinux kernel: audit: type=1334 audit(1623666409.697:13): prog-id=8 op=UNLOAD
Jun 14 20:26:49 archlinux kernel: audit: type=1334 audit(1623666409.697:14): prog-id=7 op=UNLOAD
Jun 14 20:26:49 archlinux kernel: audit: type=1334 audit(1623666409.697:15): prog-id=6 op=UNLOAD
Jun 14 20:26:49 archlinux kernel: audit: type=1334 audit(1623666409.697:16): prog-id=5 op=UNLOAD
Jun 14 20:26:49 archlinux kernel: audit: type=1334 audit(1623666409.697:17): prog-id=4 op=UNLOAD
Jun 14 20:26:49 archlinux kernel: audit: type=1334 audit(1623666409.697:18): prog-id=3 op=UNLOAD
Jun 14 20:26:49 archlinux audit: BPF prog-id=9 op=LOAD
Jun 14 20:26:49 archlinux audit: BPF prog-id=10 op=LOAD
Jun 14 20:26:49 archlinux audit: BPF prog-id=11 op=LOAD
Jun 14 20:26:49 archlinux audit: BPF prog-id=12 op=LOAD
Jun 14 20:26:49 archlinux audit: BPF prog-id=13 op=LOAD
Jun 14 20:26:49 archlinux audit: BPF prog-id=14 op=LOAD
Jun 14 20:26:49 archlinux kernel: audit: type=1334 audit(1623666409.747:19): prog-id=9 op=LOAD
Jun 14 20:26:49 archlinux kernel: audit: type=1334 audit(1623666409.747:20): prog-id=10 op=LOAD
Jun 14 20:26:49 archlinux systemd[1]: initrd-parse-etc.service: Deactivated successfully.
Jun 14 20:26:49 archlinux systemd[1]: Finished Reload Configuration from the Real Root.
Jun 14 20:26:49 archlinux audit[1]: SERVICE_START pid=1 uid=0 auid=4294967295 ses=4294967295 msg='unit=initrd-parse-etc comm="systemd" exe="/init" hostname=? addr=? terminal=? res=success'
Jun 14 20:26:49 archlinux audit[1]: SERVICE_STOP pid=1 uid=0 auid=4294967295 ses=4294967295 msg='unit=initrd-parse-etc comm="systemd" exe="/init" hostname=? addr=? terminal=? res=success'
Jun 14 20:26:49 archlinux systemd[1]: Reached target Initrd File Systems.
Jun 14 20:26:49 archlinux systemd[1]: Reached target Initrd Default Target.
Jun 14 20:26:49 archlinux systemd[1]: Starting Cleaning Up and Shutting Down Daemons...
Jun 14 20:26:49 archlinux systemd[1]: Stopped target Initrd Default Target.
Jun 14 20:26:49 archlinux systemd[1]: Stopped target Basic System.
Jun 14 20:26:49 archlinux systemd[1]: Stopped target Initrd Root Device.
Jun 14 20:26:49 archlinux systemd[1]: Stopped target Paths.
Jun 14 20:26:49 archlinux systemd[1]: Stopped target Slices.
Jun 14 20:26:49 archlinux systemd[1]: Stopped target Sockets.
Jun 14 20:26:49 archlinux systemd[1]: Stopped target System Initialization.
Jun 14 20:26:49 archlinux systemd[1]: Stopped target Local Encrypted Volumes.
Jun 14 20:26:49 archlinux systemd[1]: Stopped target Local File Systems.
Jun 14 20:26:49 archlinux systemd[1]: Stopped target Swap.
Jun 14 20:26:49 archlinux systemd[1]: Stopped target Timers.
Jun 14 20:26:49 archlinux systemd[1]: Stopping Dispatch Password Requests to Console...
Jun 14 20:26:49 archlinux systemd[1]: systemd-modules-load.service: Deactivated successfully.
Jun 14 20:26:49 archlinux systemd[1]: Stopped Load Kernel Modules.
Jun 14 20:26:49 archlinux audit[1]: SERVICE_STOP pid=1 uid=0 auid=4294967295 ses=4294967295 msg='unit=systemd-modules-load comm="systemd" exe="/init" hostname=? addr=? terminal=? res=success'
Jun 14 20:26:49 archlinux systemd[1]: systemd-udev-trigger.service: Deactivated successfully.
Jun 14 20:26:49 archlinux systemd[1]: Stopped Coldplug All udev Devices.
Jun 14 20:26:49 archlinux audit[1]: SERVICE_STOP pid=1 uid=0 auid=4294967295 ses=4294967295 msg='unit=systemd-udev-trigger comm="systemd" exe="/init" hostname=? addr=? terminal=? res=success'
Jun 14 20:26:49 archlinux systemd[1]: Stopping Rule-based Manager for Device Events and Files...
Jun 14 20:26:49 archlinux systemd[1]: systemd-ask-password-console.service: Deactivated successfully.
Jun 14 20:26:49 archlinux systemd[1]: Stopped Dispatch Password Requests to Console.
Jun 14 20:26:49 archlinux audit[1]: SERVICE_STOP pid=1 uid=0 auid=4294967295 ses=4294967295 msg='unit=systemd-ask-password-console comm="systemd" exe="/init" hostname=? addr=? terminal=? res=success'
Jun 14 20:26:49 archlinux systemd[1]: systemd-ask-password-console.path: Deactivated successfully.
Jun 14 20:26:49 archlinux systemd[1]: Stopped Dispatch Password Requests to Console Directory Watch.
Jun 14 20:26:49 archlinux systemd[1]: systemd-udevd.service: Deactivated successfully.
Jun 14 20:26:49 archlinux systemd[1]: Stopped Rule-based Manager for Device Events and Files.
Jun 14 20:26:49 archlinux audit[1]: SERVICE_STOP pid=1 uid=0 auid=4294967295 ses=4294967295 msg='unit=systemd-udevd comm="systemd" exe="/init" hostname=? addr=? terminal=? res=success'
Jun 14 20:26:49 archlinux systemd[1]: initrd-cleanup.service: Deactivated successfully.
Jun 14 20:26:49 archlinux systemd[1]: Finished Cleaning Up and Shutting Down Daemons.
Jun 14 20:26:49 archlinux audit[1]: SERVICE_START pid=1 uid=0 auid=4294967295 ses=4294967295 msg='unit=initrd-cleanup comm="systemd" exe="/init" hostname=? addr=? terminal=? res=success'
Jun 14 20:26:49 archlinux audit[1]: SERVICE_STOP pid=1 uid=0 auid=4294967295 ses=4294967295 msg='unit=initrd-cleanup comm="systemd" exe="/init" hostname=? addr=? terminal=? res=success'
Jun 14 20:26:49 archlinux systemd[1]: systemd-udevd-control.socket: Deactivated successfully.
Jun 14 20:26:49 archlinux systemd[1]: Closed udev Control Socket.
Jun 14 20:26:49 archlinux systemd[1]: systemd-udevd-kernel.socket: Deactivated successfully.
Jun 14 20:26:49 archlinux systemd[1]: Closed udev Kernel Socket.
Jun 14 20:26:49 archlinux systemd[1]: Starting Cleanup udev Database...
Jun 14 20:26:49 archlinux systemd[1]: systemd-tmpfiles-setup-dev.service: Deactivated successfully.
Jun 14 20:26:49 archlinux systemd[1]: Stopped Create Static Device Nodes in /dev.
Jun 14 20:26:49 archlinux audit[1]: SERVICE_STOP pid=1 uid=0 auid=4294967295 ses=4294967295 msg='unit=systemd-tmpfiles-setup-dev comm="systemd" exe="/init" hostname=? addr=? terminal=? res=success'
Jun 14 20:26:49 archlinux systemd[1]: kmod-static-nodes.service: Deactivated successfully.
Jun 14 20:26:49 archlinux systemd[1]: Stopped Create list of static device nodes for the current kernel.
Jun 14 20:26:49 archlinux audit[1]: SERVICE_STOP pid=1 uid=0 auid=4294967295 ses=4294967295 msg='unit=kmod-static-nodes comm="systemd" exe="/init" hostname=? addr=? terminal=? res=success'
Jun 14 20:26:49 archlinux systemd[1]: initrd-udevadm-cleanup-db.service: Deactivated successfully.
Jun 14 20:26:49 archlinux systemd[1]: Finished Cleanup udev Database.
Jun 14 20:26:49 archlinux audit[1]: SERVICE_START pid=1 uid=0 auid=4294967295 ses=4294967295 msg='unit=initrd-udevadm-cleanup-db comm="systemd" exe="/init" hostname=? addr=? terminal=? res=success'
Jun 14 20:26:49 archlinux audit[1]: SERVICE_STOP pid=1 uid=0 auid=4294967295 ses=4294967295 msg='unit=initrd-udevadm-cleanup-db comm="systemd" exe="/init" hostname=? addr=? terminal=? res=success'
Jun 14 20:26:49 archlinux systemd[1]: Reached target Switch Root.
Jun 14 20:26:49 archlinux systemd[1]: Starting Switch Root...
Jun 14 20:26:49 archlinux systemd[1]: Switching root.
Jun 14 20:26:49 archlinux audit: BPF prog-id=14 op=UNLOAD
Jun 14 20:26:49 archlinux audit: BPF prog-id=13 op=UNLOAD
Jun 14 20:26:49 archlinux audit: BPF prog-id=12 op=UNLOAD
Jun 14 20:26:49 archlinux audit: BPF prog-id=11 op=UNLOAD
Jun 14 20:26:49 archlinux audit: BPF prog-id=10 op=UNLOAD
Jun 14 20:26:49 archlinux audit: BPF prog-id=9 op=UNLOAD
Jun 14 20:26:49 archlinux systemd-journald[161]: Journal stopped
Jun 14 20:26:50 treex systemd-journald[161]: Received SIGTERM from PID 1 (systemd).
Jun 14 20:26:50 treex systemd[1]: systemd 248.3-2-arch running in system mode. (+PAM +AUDIT -SELINUX -APPARMOR -IMA +SMACK +SECCOMP +GCRYPT +GNUTLS +OPENSSL +ACL +BLKID +CURL +ELFUTILS +FIDO2 +IDN2 -IDN +IPTC +KMOD +LIBCRYPTSETUP +LIBFDISK +PCRE2 -PWQUALITY +P11KIT -QRENCODE +BZIP2 +LZ4 +XZ +ZLIB +ZSTD +XKBCOMMON +UTMP -SYSVINIT default-hierarchy=unified)
Jun 14 20:26:50 treex systemd[1]: Detected architecture x86-64.
Jun 14 20:26:50 treex systemd[1]: Hostname set to <treex>.
Jun 14 20:26:50 treex systemd[1]: initrd-switch-root.service: Deactivated successfully.
Jun 14 20:26:50 treex systemd[1]: Stopped Switch Root.
Jun 14 20:26:50 treex systemd[1]: systemd-journald.service: Scheduled restart job, restart counter is at 1.
Jun 14 20:26:50 treex systemd[1]: Created slice system-getty.slice.
Jun 14 20:26:50 treex systemd[1]: Created slice system-modprobe.slice.
Jun 14 20:26:50 treex systemd[1]: Created slice system-systemd\x2dfsck.slice.
Jun 14 20:26:50 treex systemd[1]: Created slice User and Session Slice.
Jun 14 20:26:50 treex systemd[1]: Started Dispatch Password Requests to Console Directory Watch.
Jun 14 20:26:50 treex systemd[1]: Started Forward Password Requests to Wall Directory Watch.
Jun 14 20:26:50 treex systemd[1]: Set up automount Arbitrary Executable File Formats File System Automount Point.
Jun 14 20:26:50 treex systemd[1]: Reached target Local Encrypted Volumes.
Jun 14 20:26:50 treex systemd[1]: Stopped target Switch Root.
Jun 14 20:26:50 treex systemd[1]: Stopped target Initrd File Systems.
Jun 14 20:26:50 treex systemd[1]: Stopped target Initrd Root File System.
Jun 14 20:26:50 treex systemd[1]: Reached target Paths.
Jun 14 20:26:50 treex systemd[1]: Reached target Remote File Systems.
Jun 14 20:26:50 treex systemd[1]: Reached target Slices.
Jun 14 20:26:50 treex systemd[1]: Reached target Local Verity Integrity Protected Volumes.
Jun 14 20:26:50 treex systemd[1]: Listening on Device-mapper event daemon FIFOs.
Jun 14 20:26:50 treex systemd[1]: Listening on LVM2 poll daemon socket.
Jun 14 20:26:50 treex systemd[1]: Listening on Process Core Dump Socket.
Jun 14 20:26:50 treex systemd[1]: Listening on udev Control Socket.
Jun 14 20:26:50 treex systemd[1]: Listening on udev Kernel Socket.
Jun 14 20:26:50 treex systemd[1]: Activating swap /dev/disk/by-uuid/db6126f4-0c20-4303-9a2b-9852aaf90206...
Jun 14 20:26:50 treex systemd[1]: Mounting Huge Pages File System...
Jun 14 20:26:50 treex systemd[1]: Mounting POSIX Message Queue File System...
Jun 14 20:26:50 treex systemd[1]: Mounting Kernel Debug File System...
Jun 14 20:26:50 treex systemd[1]: Mounting Kernel Trace File System...
Jun 14 20:26:50 treex systemd[1]: Starting Create list of static device nodes for the current kernel...
Jun 14 20:26:50 treex systemd[1]: Starting Monitoring of LVM2 mirrors, snapshots etc. using dmeventd or progress polling...
Jun 14 20:26:50 treex systemd[1]: Starting Load Kernel Module configfs...
Jun 14 20:26:50 treex systemd[1]: Starting Load Kernel Module drm...
Jun 14 20:26:50 treex systemd[1]: Starting Load Kernel Module fuse...
Jun 14 20:26:50 treex systemd[1]: Condition check resulted in Set Up Additional Binary Formats being skipped.
Jun 14 20:26:50 treex systemd[1]: systemd-cryptsetup@cryptroot.service: Deactivated successfully.
Jun 14 20:26:50 treex systemd[1]: Stopped systemd-cryptsetup@cryptroot.service.
Jun 14 20:26:50 treex systemd[1]: Stopped Journal Service.
Jun 14 20:26:50 treex systemd[1]: Starting Journal Service...
Jun 14 20:26:50 treex kernel: Linux agpgart interface v0.103
Jun 14 20:26:50 treex systemd[1]: Starting Load Kernel Modules...
Jun 14 20:26:50 treex systemd[1]: Starting Remount Root and Kernel File Systems...
Jun 14 20:26:50 treex systemd[1]: Condition check resulted in Repartition Root Disk being skipped.
Jun 14 20:26:50 treex systemd[1]: Starting Coldplug All udev Devices...
Jun 14 20:26:50 treex systemd[1]: sysroot.mount: Deactivated successfully.
Jun 14 20:26:50 treex systemd[1]: Mounted Huge Pages File System.
Jun 14 20:26:50 treex systemd[1]: Mounted POSIX Message Queue File System.
Jun 14 20:26:50 treex systemd[1]: Mounted Kernel Debug File System.
Jun 14 20:26:50 treex systemd[1]: Mounted Kernel Trace File System.
Jun 14 20:26:50 treex kernel: EXT4-fs (dm-0): re-mounted. Opts: (null). Quota mode: none.
Jun 14 20:26:50 treex systemd[1]: Finished Create list of static device nodes for the current kernel.
Jun 14 20:26:50 treex kernel: Adding 10485756k swap on /dev/sda2.  Priority:-2 extents:1 across:10485756k SSFS
Jun 14 20:26:50 treex kernel: fuse: init (API version 7.33)
Jun 14 20:26:50 treex systemd[1]: modprobe@configfs.service: Deactivated successfully.
Jun 14 20:26:50 treex systemd[1]: Finished Load Kernel Module configfs.
Jun 14 20:26:50 treex systemd[1]: Activated swap /dev/disk/by-uuid/db6126f4-0c20-4303-9a2b-9852aaf90206.
Jun 14 20:26:50 treex systemd-journald[368]: Journal started
Jun 14 20:26:50 treex systemd-journald[368]: Runtime Journal (/run/log/journal/c603f14b3da7490eacb468215ea9e12e) is 8.0M, max 156.6M, 148.6M free.
Jun 14 20:26:50 treex systemd[1]: modprobe@fuse.service: Deactivated successfully.
Jun 14 20:26:50 treex audit: BPF prog-id=15 op=LOAD
Jun 14 20:26:50 treex audit: BPF prog-id=15 op=UNLOAD
Jun 14 20:26:50 treex audit: BPF prog-id=16 op=LOAD
Jun 14 20:26:50 treex audit: BPF prog-id=16 op=UNLOAD
Jun 14 20:26:50 treex audit: BPF prog-id=17 op=LOAD
Jun 14 20:26:50 treex audit: BPF prog-id=18 op=LOAD
Jun 14 20:26:50 treex audit: BPF prog-id=19 op=LOAD
Jun 14 20:26:50 treex audit[1]: SERVICE_STOP pid=1 uid=0 auid=4294967295 ses=4294967295 msg='unit=systemd-journald comm="systemd" exe="/usr/lib/systemd/systemd" hostname=? addr=? terminal=? res=success'
Jun 14 20:26:50 treex audit[1]: SERVICE_START pid=1 uid=0 auid=4294967295 ses=4294967295 msg='unit=initrd-switch-root comm="systemd" exe="/usr/lib/systemd/systemd" hostname=? addr=? terminal=? res=success'
Jun 14 20:26:50 treex audit[1]: SERVICE_STOP pid=1 uid=0 auid=4294967295 ses=4294967295 msg='unit=initrd-switch-root comm="systemd" exe="/usr/lib/systemd/systemd" hostname=? addr=? terminal=? res=success'
Jun 14 20:26:50 treex audit: BPF prog-id=17 op=UNLOAD
Jun 14 20:26:50 treex audit[1]: SERVICE_STOP pid=1 uid=0 auid=4294967295 ses=4294967295 msg='unit=systemd-cryptsetup@cryptroot comm="systemd" exe="/usr/lib/systemd/systemd" hostname=? addr=? terminal=? res=success'
Jun 14 20:26:50 treex audit[1]: SERVICE_START pid=1 uid=0 auid=4294967295 ses=4294967295 msg='unit=systemd-journald comm="systemd" exe="/usr/lib/systemd/systemd" hostname=? addr=? terminal=? res=success'
Jun 14 20:26:50 treex audit[1]: SERVICE_STOP pid=1 uid=0 auid=4294967295 ses=4294967295 msg='unit=systemd-journald comm="systemd" exe="/usr/lib/systemd/systemd" hostname=? addr=? terminal=? res=success'
Jun 14 20:26:50 treex audit: BPF prog-id=20 op=LOAD
Jun 14 20:26:50 treex audit: BPF prog-id=18 op=UNLOAD
Jun 14 20:26:50 treex audit: BPF prog-id=19 op=UNLOAD
Jun 14 20:26:50 treex audit: BPF prog-id=21 op=LOAD
Jun 14 20:26:50 treex audit: BPF prog-id=22 op=LOAD
Jun 14 20:26:50 treex audit: CONFIG_CHANGE op=set audit_enabled=1 old=1 auid=4294967295 ses=4294967295 res=1
Jun 14 20:26:50 treex audit[368]: SYSCALL arch=c000003e syscall=46 success=yes exit=60 a0=6 a1=7ffdf1eb9a20 a2=4000 a3=7ffdf1eb9abc items=0 ppid=1 pid=368 auid=4294967295 uid=0 gid=0 euid=0 suid=0 fsuid=0 egid=0 sgid=0 fsgid=0 tty=(none) ses=4294967295 comm="systemd-journal" exe="/usr/lib/systemd/systemd-journald" key=(null)
Jun 14 20:26:50 treex audit: PROCTITLE proctitle="/usr/lib/systemd/systemd-journald"
Jun 14 20:26:50 treex audit[1]: SERVICE_START pid=1 uid=0 auid=4294967295 ses=4294967295 msg='unit=kmod-static-nodes comm="systemd" exe="/usr/lib/systemd/systemd" hostname=? addr=? terminal=? res=success'
Jun 14 20:26:50 treex audit[1]: SERVICE_START pid=1 uid=0 auid=4294967295 ses=4294967295 msg='unit=modprobe@configfs comm="systemd" exe="/usr/lib/systemd/systemd" hostname=? addr=? terminal=? res=success'
Jun 14 20:26:50 treex audit[1]: SERVICE_STOP pid=1 uid=0 auid=4294967295 ses=4294967295 msg='unit=modprobe@configfs comm="systemd" exe="/usr/lib/systemd/systemd" hostname=? addr=? terminal=? res=success'
Jun 14 20:26:50 treex audit[1]: SERVICE_START pid=1 uid=0 auid=4294967295 ses=4294967295 msg='unit=modprobe@fuse comm="systemd" exe="/usr/lib/systemd/systemd" hostname=? addr=? terminal=? res=success'
Jun 14 20:26:50 treex audit[1]: SERVICE_STOP pid=1 uid=0 auid=4294967295 ses=4294967295 msg='unit=modprobe@fuse comm="systemd" exe="/usr/lib/systemd/systemd" hostname=? addr=? terminal=? res=success'
Jun 14 20:26:50 treex systemd[1]: Queued start job for default target Graphical Interface.
Jun 14 20:26:50 treex systemd[1]: systemd-journald.service: Deactivated successfully.
Jun 14 20:26:50 treex audit[1]: SERVICE_START pid=1 uid=0 auid=4294967295 ses=4294967295 msg='unit=systemd-journald comm="systemd" exe="/usr/lib/systemd/systemd" hostname=? addr=? terminal=? res=success'
Jun 14 20:26:50 treex systemd-modules-load[370]: Inserted module 'crypto_user'
Jun 14 20:26:50 treex systemd[1]: Finished Remount Root and Kernel File Systems.
Jun 14 20:26:50 treex systemd[1]: Finished Load Kernel Module fuse.
Jun 14 20:26:50 treex systemd[1]: Started Journal Service.
Jun 14 20:26:50 treex audit[1]: SERVICE_START pid=1 uid=0 auid=4294967295 ses=4294967295 msg='unit=systemd-remount-fs comm="systemd" exe="/usr/lib/systemd/systemd" hostname=? addr=? terminal=? res=success'
Jun 14 20:26:50 treex systemd[1]: Reached target Swap.
Jun 14 20:26:50 treex systemd[1]: Mounting FUSE Control File System...
Jun 14 20:26:50 treex systemd[1]: Mounting Kernel Configuration File System...
Jun 14 20:26:50 treex systemd[1]: Mounting Temporary Directory (/tmp)...
Jun 14 20:26:50 treex systemd[1]: Condition check resulted in First Boot Wizard being skipped.
Jun 14 20:26:50 treex systemd[1]: Condition check resulted in Rebuild Hardware Database being skipped.
Jun 14 20:26:50 treex systemd[1]: Starting Flush Journal to Persistent Storage...
Jun 14 20:26:50 treex systemd[1]: Starting Load/Save Random Seed...
Jun 14 20:26:50 treex systemd[1]: Condition check resulted in Create System Users being skipped.
Jun 14 20:26:50 treex systemd[1]: Starting Create Static Device Nodes in /dev...
Jun 14 20:26:50 treex systemd-journald[368]: Time spent on flushing to /var/log/journal/c603f14b3da7490eacb468215ea9e12e is 10.850ms for 1031 entries.
Jun 14 20:26:50 treex systemd-journald[368]: System Journal (/var/log/journal/c603f14b3da7490eacb468215ea9e12e) is 120.0M, max 4.0G, 3.8G free.
Jun 14 20:26:50 treex kernel: vboxdrv: loading out-of-tree module taints kernel.
Jun 14 20:26:50 treex kernel: vboxdrv: module verification failed: signature and/or required key missing - tainting kernel
Jun 14 20:26:50 treex kernel: vboxdrv: Found 8 processor cores
Jun 14 20:26:50 treex kernel: vboxdrv: TSC mode is Invariant, tentative frequency 1799998145 Hz
Jun 14 20:26:50 treex kernel: vboxdrv: Successfully loaded version 6.1.22 (interface 0x00300000)
Jun 14 20:26:50 treex kernel: VBoxNetAdp: Successfully started.
Jun 14 20:26:50 treex audit[1]: SERVICE_START pid=1 uid=0 auid=4294967295 ses=4294967295 msg='unit=systemd-random-seed comm="systemd" exe="/usr/lib/systemd/systemd" hostname=? addr=? terminal=? res=success'
Jun 14 20:26:50 treex audit[1]: SERVICE_START pid=1 uid=0 auid=4294967295 ses=4294967295 msg='unit=modprobe@drm comm="systemd" exe="/usr/lib/systemd/systemd" hostname=? addr=? terminal=? res=success'
Jun 14 20:26:50 treex audit[1]: SERVICE_STOP pid=1 uid=0 auid=4294967295 ses=4294967295 msg='unit=modprobe@drm comm="systemd" exe="/usr/lib/systemd/systemd" hostname=? addr=? terminal=? res=success'
Jun 14 20:26:50 treex audit[1]: SERVICE_START pid=1 uid=0 auid=4294967295 ses=4294967295 msg='unit=systemd-tmpfiles-setup-dev comm="systemd" exe="/usr/lib/systemd/systemd" hostname=? addr=? terminal=? res=success'
Jun 14 20:26:50 treex audit: BPF prog-id=23 op=LOAD
Jun 14 20:26:50 treex audit: BPF prog-id=24 op=LOAD
Jun 14 20:26:50 treex audit: BPF prog-id=25 op=LOAD
Jun 14 20:26:50 treex systemd[1]: Mounted FUSE Control File System.
Jun 14 20:26:50 treex systemd[1]: Mounted Kernel Configuration File System.
Jun 14 20:26:50 treex systemd[1]: Mounted Temporary Directory (/tmp).
Jun 14 20:26:50 treex systemd[1]: Finished Load/Save Random Seed.
Jun 14 20:26:50 treex systemd[1]: Condition check resulted in First Boot Complete being skipped.
Jun 14 20:26:50 treex systemd[1]: modprobe@drm.service: Deactivated successfully.
Jun 14 20:26:50 treex systemd[1]: Finished Load Kernel Module drm.
Jun 14 20:26:50 treex systemd[1]: Finished Create Static Device Nodes in /dev.
Jun 14 20:26:50 treex systemd[1]: Starting Rule-based Manager for Device Events and Files...
Jun 14 20:26:50 treex systemd-modules-load[370]: Inserted module 'vboxdrv'
Jun 14 20:26:50 treex systemd-modules-load[370]: Inserted module 'vboxnetadp'
Jun 14 20:26:50 treex systemd[1]: Finished Flush Journal to Persistent Storage.
Jun 14 20:26:50 treex audit[1]: SERVICE_START pid=1 uid=0 auid=4294967295 ses=4294967295 msg='unit=systemd-journal-flush comm="systemd" exe="/usr/lib/systemd/systemd" hostname=? addr=? terminal=? res=success'
Jun 14 20:26:50 treex systemd-modules-load[370]: Inserted module 'vboxnetflt'
Jun 14 20:26:50 treex systemd[1]: Finished Load Kernel Modules.
Jun 14 20:26:50 treex audit[1]: SERVICE_START pid=1 uid=0 auid=4294967295 ses=4294967295 msg='unit=systemd-modules-load comm="systemd" exe="/usr/lib/systemd/systemd" hostname=? addr=? terminal=? res=success'
Jun 14 20:26:50 treex systemd[1]: Starting Apply Kernel Variables...
Jun 14 20:26:50 treex kernel: VBoxNetFlt: Successfully started.
Jun 14 20:26:50 treex systemd[1]: Finished Apply Kernel Variables.
Jun 14 20:26:50 treex audit[1]: SERVICE_START pid=1 uid=0 auid=4294967295 ses=4294967295 msg='unit=systemd-sysctl comm="systemd" exe="/usr/lib/systemd/systemd" hostname=? addr=? terminal=? res=success'
Jun 14 20:26:50 treex systemd[1]: Starting CLI Netfilter Manager...
Jun 14 20:26:50 treex audit[392]: NETFILTER_CFG table=filter family=2 entries=0 op=xt_register pid=392 comm="modprobe"
Jun 14 20:26:50 treex audit[392]: SYSCALL arch=c000003e syscall=175 success=yes exit=0 a0=56419df20d50 a1=2ec9 a2=56419c7c2270 a3=56419df1c items=0 ppid=388 pid=392 auid=4294967295 uid=0 gid=0 euid=0 suid=0 fsuid=0 egid=0 sgid=0 fsgid=0 tty=(none) ses=4294967295 comm="modprobe" exe="/usr/bin/kmod" key=(null)
Jun 14 20:26:50 treex audit: PROCTITLE proctitle=2F7362696E2F6D6F6470726F6265002D71002D2D0069707461626C655F66696C746572
